Picked up JAVA_TOOL_OPTIONS: -Djdk.net.unixdomain.tmpdir=NUL

> Task :verifyF0
PASS schema: C:\Users\MicheleGreco\OneDrive - Fusion AI Labs\Desktop\Progetti\Faunavia\f0\fixtures\providers\clcplus-2021-samples.json
PASS schema: C:\Users\MicheleGreco\OneDrive - Fusion AI Labs\Desktop\Progetti\Faunavia\f0\fixtures\providers\eea-article12.parco-nord.json
PASS schema: C:\Users\MicheleGreco\OneDrive - Fusion AI Labs\Desktop\Progetti\Faunavia\f0\fixtures\providers\eea-article17.parco-nord.json
PASS schema: C:\Users\MicheleGreco\OneDrive - Fusion AI Labs\Desktop\Progetti\Faunavia\f0\fixtures\providers\eea-maes-2014.json
PASS schema: C:\Users\MicheleGreco\OneDrive - Fusion AI Labs\Desktop\Progetti\Faunavia\f0\fixtures\providers\gbif-occurrence.parco-nord.json
PASS schema: C:\Users\MicheleGreco\OneDrive - Fusion AI Labs\Desktop\Progetti\Faunavia\f0\fixtures\providers\gbif-taxa-initial.json
PASS schema: C:\Users\MicheleGreco\OneDrive - Fusion AI Labs\Desktop\Progetti\Faunavia\f0\fixtures\providers\nnb-wfs.parco-nord.json
PASS schema: C:\Users\MicheleGreco\OneDrive - Fusion AI Labs\Desktop\Progetti\Faunavia\f0\fixtures\normalized\habitat-maes.json
PASS schema: C:\Users\MicheleGreco\OneDrive - Fusion AI Labs\Desktop\Progetti\Faunavia\f0\fixtures\normalized\occurrence-gbif.json
PASS schema: C:\Users\MicheleGreco\OneDrive - Fusion AI Labs\Desktop\Progetti\Faunavia\f0\fixtures\normalized\occurrence-nnb.json
PASS schema: C:\Users\MicheleGreco\OneDrive - Fusion AI Labs\Desktop\Progetti\Faunavia\f0\fixtures\normalized\range-article17.json
PASS schema: C:\Users\MicheleGreco\OneDrive - Fusion AI Labs\Desktop\Progetti\Faunavia\f0\fixtures\normalized\season-article12.json
PASS schema: C:\Users\MicheleGreco\OneDrive - Fusion AI Labs\Desktop\Progetti\Faunavia\f0\fixtures\normalized\taxon-turdus-merula.json
PASS schema: C:\Users\MicheleGreco\OneDrive - Fusion AI Labs\Desktop\Progetti\Faunavia\f0\fixtures\routes\pilot-routes.geojson
✔ le cinque tracce WGS84 hanno coordinate valide e una sola pilota (4.4542ms)
✔ celle, chunk, metriche e fingerprint sono deterministici (14.1532ms)
✔ il fingerprint ignora rumore sotto la precisione contrattuale (1.8614ms)
✔ tutte le query rispettano il limite interno e quello noto del provider (2.5401ms)
✔ le fixture provider sono rileggibili offline e protette da hash (5.1771ms)
✔ i normalizzatori riproducono gli esempi GBIF e NNB (2.3125ms)
✔ solo un taxon Animalia accettato supera il gate di persistenza (1.0415ms)
✔ documented, plausible e insufficient restano semanticamente distinti (1.8491ms)
✔ la mancanza del crosswalk CLCplus-MAES produce insufficient (0.1666ms)
✔ gli esiti reali conservano fallback, errori e non-equivalenza temporale (1.5635ms)
✔ ogni record normalizzato mantiene provenienza completa e fixture grezza (2.7672ms)
✔ un'occorrenza storica conserva la data e non dichiara presenza attuale (0.407ms)
✔ registro fonti rende leggibili licenza, attribuzione, uso e rischio (0.9374ms)
ℹ tests 13
ℹ suites 0
ℹ pass 13
ℹ fail 0
ℹ cancelled 0
ℹ skipped 0
ℹ todo 0
ℹ duration_ms 118.9512

> Task :formatCheck
PASS format invariants

> Task :staticAnalysis
PASS architectural boundaries and secret scan

> Task :app:preBuild UP-TO-DATE
> Task :app:preDebugBuild UP-TO-DATE
> Task :app:mergeDebugNativeDebugMetadata NO-SOURCE
> Task :core:domain:checkKotlinGradlePluginConfigurationErrors SKIPPED
> Task :core:domain:compileKotlin UP-TO-DATE
> Task :core:domain:compileJava NO-SOURCE
> Task :core:domain:processResources NO-SOURCE
> Task :core:domain:classes UP-TO-DATE
> Task :core:domain:jar UP-TO-DATE
> Task :core:taxonomy:checkKotlinGradlePluginConfigurationErrors SKIPPED
> Task :core:taxonomy:compileKotlin UP-TO-DATE
> Task :core:taxonomy:compileJava NO-SOURCE
> Task :core:taxonomy:processResources NO-SOURCE
> Task :core:taxonomy:classes UP-TO-DATE
> Task :core:taxonomy:jar UP-TO-DATE
> Task :core:exploration:checkKotlinGradlePluginConfigurationErrors SKIPPED
> Task :core:occurrence:checkKotlinGradlePluginConfigurationErrors SKIPPED
> Task :core:route:checkKotlinGradlePluginConfigurationErrors SKIPPED
> Task :core:route:compileKotlin UP-TO-DATE
> Task :core:route:compileJava NO-SOURCE
> Task :core:route:processResources NO-SOURCE
> Task :core:route:classes UP-TO-DATE
> Task :core:route:jar UP-TO-DATE
> Task :core:occurrence:compileKotlin UP-TO-DATE
> Task :core:occurrence:compileJava NO-SOURCE
> Task :core:occurrence:processResources NO-SOURCE
> Task :core:occurrence:classes UP-TO-DATE
> Task :core:occurrence:jar UP-TO-DATE
> Task :core:plausibility:checkKotlinGradlePluginConfigurationErrors SKIPPED
> Task :core:plausibility:compileKotlin UP-TO-DATE
> Task :core:plausibility:compileJava NO-SOURCE
> Task :core:plausibility:processResources NO-SOURCE
> Task :core:plausibility:classes UP-TO-DATE
> Task :core:plausibility:jar UP-TO-DATE
> Task :core:exploration:compileKotlin UP-TO-DATE
> Task :core:exploration:compileJava NO-SOURCE
> Task :core:exploration:processResources NO-SOURCE
> Task :core:exploration:classes UP-TO-DATE
> Task :core:exploration:jar UP-TO-DATE
> Task :app:generateDebugResources UP-TO-DATE
> Task :app:packageDebugResources UP-TO-DATE
> Task :core:local:preBuild UP-TO-DATE
> Task :core:local:preDebugBuild UP-TO-DATE
> Task :core:local:processDebugNavigationResources UP-TO-DATE
> Task :app:processDebugNavigationResources UP-TO-DATE
> Task :app:parseDebugLocalResources UP-TO-DATE
> Task :app:generateDebugRFile UP-TO-DATE
> Task :core:local:generateDebugResources UP-TO-DATE
> Task :core:local:packageDebugResources UP-TO-DATE
> Task :core:local:parseDebugLocalResources UP-TO-DATE
> Task :core:local:generateDebugRFile UP-TO-DATE
> Task :core:local:kspDebugKotlin UP-TO-DATE
> Task :core:local:compileDebugKotlin UP-TO-DATE
> Task :core:local:javaPreCompileDebug UP-TO-DATE
> Task :core:local:compileDebugJavaWithJavac NO-SOURCE
> Task :core:local:copyRoomSchemas NO-SOURCE
> Task :core:local:bundleLibCompileToJarDebug UP-TO-DATE
> Task :app:compileDebugKotlin UP-TO-DATE
> Task :app:javaPreCompileDebug UP-TO-DATE
> Task :app:compileDebugJavaWithJavac NO-SOURCE
> Task :app:generateDebugAssets UP-TO-DATE
> Task :core:local:generateDebugAssets UP-TO-DATE
> Task :core:local:mergeDebugAssets UP-TO-DATE
> Task :app:mergeDebugAssets UP-TO-DATE
> Task :app:compressDebugAssets UP-TO-DATE
> Task :app:generateDebugGlobalSynthetics UP-TO-DATE
> Task :app:processDebugJavaRes UP-TO-DATE
> Task :core:local:processDebugJavaRes UP-TO-DATE
> Task :app:mergeDebugJavaResource UP-TO-DATE
> Task :app:checkDebugDuplicateClasses UP-TO-DATE
> Task :app:desugarDebugFileDependencies UP-TO-DATE
> Task :app:mergeExtDexDebug UP-TO-DATE
> Task :core:local:bundleLibRuntimeToDirDebug UP-TO-DATE
> Task :core:local:writeDebugAarMetadata UP-TO-DATE
> Task :app:checkDebugAarMetadata UP-TO-DATE
> Task :app:mergeLibDexDebug UP-TO-DATE
> Task :app:mapDebugSourceSetPaths UP-TO-DATE
> Task :app:compileDebugNavigationResources UP-TO-DATE
> Task :app:mergeDebugResources UP-TO-DATE
> Task :app:createDebugCompatibleScreenManifests UP-TO-DATE
> Task :app:extractDeepLinksDebug UP-TO-DATE
> Task :core:local:extractDeepLinksDebug UP-TO-DATE
> Task :core:local:processDebugManifest UP-TO-DATE
> Task :app:processDebugMainManifest UP-TO-DATE
> Task :app:processDebugManifest UP-TO-DATE
> Task :app:processDebugManifestForPackage UP-TO-DATE
> Task :core:local:mapDebugSourceSetPaths UP-TO-DATE
> Task :core:local:compileDebugLibraryResources UP-TO-DATE
> Task :app:processDebugResources UP-TO-DATE
> Task :app:dexBuilderDebug UP-TO-DATE
> Task :app:mergeProjectDexDebug UP-TO-DATE
> Task :app:mergeDebugJniLibFolders UP-TO-DATE
> Task :core:local:mergeDebugJniLibFolders UP-TO-DATE
> Task :core:local:mergeDebugNativeLibs NO-SOURCE
> Task :core:local:copyDebugJniLibsProjectOnly UP-TO-DATE
> Task :app:mergeDebugNativeLibs UP-TO-DATE
> Task :app:stripDebugDebugSymbols UP-TO-DATE
> Task :app:validateSigningDebug UP-TO-DATE
> Task :app:writeDebugAppMetadata UP-TO-DATE
> Task :app:writeDebugSigningConfigVersions UP-TO-DATE
> Task :app:packageDebug UP-TO-DATE
> Task :app:createDebugApkListingFileRedirect UP-TO-DATE
> Task :app:assembleDebug UP-TO-DATE
> Task :core:local:checkDebugAarMetadata
> Task :core:local:extractDebugAnnotations
> Task :core:local:extractDeepLinksForAarDebug
> Task :core:local:mergeDebugGeneratedProguardFiles
> Task :core:local:mergeDebugConsumerProguardFiles
> Task :core:local:prepareDebugArtProfile
> Task :core:local:prepareLintJarForPublish
> Task :app:bundleDebugClassesToCompileJar UP-TO-DATE
> Task :app:preDebugAndroidTestBuild SKIPPED
> Task :core:local:writeDebugLintModelMetadata
> Task :core:testing:checkKotlinGradlePluginConfigurationErrors SKIPPED
> Task :core:testing:compileKotlin UP-TO-DATE
> Task :core:testing:compileJava NO-SOURCE
> Task :core:testing:processResources NO-SOURCE
> Task :core:testing:classes UP-TO-DATE
> Task :core:testing:jar UP-TO-DATE
> Task :app:extractProguardFiles
> Task :core:local:extractProguardFiles
> Task :core:local:bundleLibRuntimeToJarDebug
> Task :core:local:mergeDebugJavaResource
> Task :core:local:generateDebugLintModel
> Task :core:local:syncDebugLibJars
> Task :core:local:bundleDebugLocalLintAar
> Task :core:local:createFullJarDebug

> Task :app:generateDebugLintReportModel
Warning: Lint will treat :core:taxonomy as an external dependency and not analyze it.
 * Recommended Action: Apply the 'com.android.lint' plugin to java library project :core:taxonomy. to enable lint to analyze those sources.

Warning: Lint will treat :core:exploration as an external dependency and not analyze it.
 * Recommended Action: Apply the 'com.android.lint' plugin to java library project :core:exploration. to enable lint to analyze those sources.

Warning: Lint will treat :core:plausibility as an external dependency and not analyze it.
 * Recommended Action: Apply the 'com.android.lint' plugin to java library project :core:plausibility. to enable lint to analyze those sources.

Warning: Lint will treat :core:occurrence as an external dependency and not analyze it.
 * Recommended Action: Apply the 'com.android.lint' plugin to java library project :core:occurrence. to enable lint to analyze those sources.

Warning: Lint will treat :core:route as an external dependency and not analyze it.
 * Recommended Action: Apply the 'com.android.lint' plugin to java library project :core:route. to enable lint to analyze those sources.

Warning: Lint will treat :core:domain as an external dependency and not analyze it.
 * Recommended Action: Apply the 'com.android.lint' plugin to java library project :core:domain. to enable lint to analyze those sources.


> Task :app:generateDebugAndroidTestLintModel
> Task :app:preDebugUnitTestBuild UP-TO-DATE
> Task :app:generateDebugUnitTestLintModel
> Task :core:local:preDebugAndroidTestBuild UP-TO-DATE
> Task :core:local:generateDebugAndroidTestLintModel
> Task :core:local:preDebugUnitTestBuild UP-TO-DATE
> Task :core:local:generateDebugUnitTestLintModel
> Task :app:bundleDebugClassesToRuntimeJar
> Task :app:javaPreCompileDebugUnitTest FROM-CACHE
> Task :app:packageDebugUnitTestForUnitTest
> Task :app:mergeDebugUnitTestManifest
> Task :app:processDebugUnitTestManifest
> Task :app:generateDebugUnitTestConfig
> Task :core:domain:processTestResources NO-SOURCE
> Task :core:exploration:processTestResources NO-SOURCE
> Task :core:local:generateDebugLintReportModel
> Task :core:local:lintAnalyzeDebugAndroidTest
> Task :core:local:lintAnalyzeDebugUnitTest
> Task :core:occurrence:processTestResources NO-SOURCE
> Task :app:lintAnalyzeDebugUnitTest
> Task :core:plausibility:processTestResources UP-TO-DATE
> Task :core:domain:compileTestKotlin
> Task :core:domain:compileTestJava NO-SOURCE
> Task :core:domain:testClasses UP-TO-DATE
> Task :core:occurrence:compileTestKotlin
> Task :app:compileDebugUnitTestKotlin
> Task :core:plausibility:compileTestKotlin

> Task :core:domain:test
Picked up JAVA_TOOL_OPTIONS: -Djdk.net.unixdomain.tmpdir=NUL

> Task :core:exploration:compileTestKotlin
> Task :core:route:compileTestKotlin
> Task :app:compileDebugUnitTestJavaWithJavac NO-SOURCE
> Task :app:processDebugUnitTestJavaRes

> Task :app:testDebugUnitTest
Picked up JAVA_TOOL_OPTIONS: -Djdk.net.unixdomain.tmpdir=NUL

> Task :core:exploration:compileTestJava NO-SOURCE
> Task :core:exploration:testClasses UP-TO-DATE
> Task :core:exploration:test UP-TO-DATE
> Task :core:occurrence:compileTestJava NO-SOURCE
> Task :core:occurrence:testClasses UP-TO-DATE
> Task :core:occurrence:test UP-TO-DATE
> Task :core:plausibility:compileTestJava NO-SOURCE
> Task :core:plausibility:testClasses UP-TO-DATE
> Task :core:plausibility:test UP-TO-DATE
> Task :core:route:compileTestJava NO-SOURCE
> Task :core:route:processTestResources NO-SOURCE
> Task :core:route:testClasses UP-TO-DATE
> Task :core:route:test UP-TO-DATE
> Task :core:taxonomy:processTestResources NO-SOURCE
> Task :core:local:lintAnalyzeDebug
> Task :app:lintAnalyzeDebugAndroidTest
> Task :core:testing:processTestResources NO-SOURCE
> Task :app:generateDebugAndroidTestResources UP-TO-DATE
> Task :app:packageDebugAndroidTestResources UP-TO-DATE
> Task :app:processDebugAndroidTestNavigationResources UP-TO-DATE
> Task :app:parseDebugAndroidTestLocalResources UP-TO-DATE
> Task :app:generateDebugAndroidTestRFile UP-TO-DATE
> Task :app:javaPreCompileDebugAndroidTest UP-TO-DATE
> Task :app:generateDebugAndroidTestAssets UP-TO-DATE
> Task :app:mergeDebugAndroidTestAssets UP-TO-DATE
> Task :app:compressDebugAndroidTestAssets UP-TO-DATE
> Task :app:generateDebugAndroidTestGlobalSynthetics UP-TO-DATE
> Task :app:checkDebugAndroidTestDuplicateClasses UP-TO-DATE
> Task :app:desugarDebugAndroidTestFileDependencies UP-TO-DATE
> Task :app:mergeExtDexDebugAndroidTest UP-TO-DATE
> Task :app:mergeLibDexDebugAndroidTest UP-TO-DATE
> Task :app:checkDebugAndroidTestAarMetadata UP-TO-DATE
> Task :app:mapDebugAndroidTestSourceSetPaths UP-TO-DATE
> Task :app:compileDebugAndroidTestNavigationResources UP-TO-DATE
> Task :app:mergeDebugAndroidTestResources UP-TO-DATE
> Task :app:mergeDebugAndroidTestManifest UP-TO-DATE
> Task :app:processDebugAndroidTestManifest UP-TO-DATE
> Task :app:processDebugAndroidTestResources UP-TO-DATE
> Task :app:mergeDebugAndroidTestJniLibFolders UP-TO-DATE
> Task :app:mergeDebugAndroidTestNativeLibs NO-SOURCE
> Task :app:stripDebugAndroidTestDebugSymbols NO-SOURCE
> Task :app:validateSigningDebugAndroidTest UP-TO-DATE
> Task :app:writeDebugAndroidTestSigningConfigVersions UP-TO-DATE
> Task :core:testing:compileTestKotlin
> Task :core:testing:compileTestJava NO-SOURCE
> Task :core:testing:testClasses UP-TO-DATE
> Task :core:testing:test UP-TO-DATE

> Task :app:pixel2Api36Setup
The device "pixel2Api36" does not specify a "testedAbi".
This currently defaults to "x86_64", but will change to "arm64-v8a" in AGP 10.0.

The system image configured for "pixel2Api36" does not support NDK translation,
so it will be unable to run tests built for "arm64-v8a".

To keep the current behavior and prevent test failures in AGP 10.0,
explicitly set the ABI: testedAbi = "x86_64"

> Task :core:taxonomy:compileTestKotlin
> Task :core:taxonomy:compileTestJava NO-SOURCE
> Task :core:taxonomy:testClasses UP-TO-DATE
> Task :core:taxonomy:test UP-TO-DATE
> Task :app:compileDebugAndroidTestKotlin
> Task :app:compileDebugAndroidTestJavaWithJavac NO-SOURCE
> Task :app:processDebugAndroidTestJavaRes UP-TO-DATE
> Task :app:mergeDebugAndroidTestJavaResource UP-TO-DATE
> Task :app:dexBuilderDebugAndroidTest
> Task :core:local:lintReportDebug
> Task :core:local:lintDebug
> Task :app:mergeProjectDexDebugAndroidTest
> Task :app:packageDebugAndroidTest
> Task :app:createDebugAndroidTestApkListingFileRedirect UP-TO-DATE

> Task :app:pixel2Api36DebugAndroidTest
Running tests on devices: pixel2Api36

> Task :app:lintAnalyzeDebug
> Task :app:pixel2Api36DebugAndroidTest FAILED

> Task :app:mergeDebugAndroidTestTestResultProtos
Test execution completed. See the report at: file:///C:/Users/MicheleGreco/AppData/Local/Faunavia/toolchains/builds/Faunavia/app/reports/androidTests/managedDevice/debug/allDevices/index.html

FAILURE: Build failed with an exception.

* What went wrong:
Execution failed for task ':app:pixel2Api36DebugAndroidTest' (registered by plugin 'com.android.internal.application').
> There were failing tests. See the report at: file:///C:/Users/MicheleGreco/AppData/Local/Faunavia/toolchains/builds/Faunavia/app/reports/androidTests/managedDevice/debug/pixel2Api36/index.html

* Try:
> Run with --stacktrace option to get the stack trace.
> Run with --info or --debug option to get more log output.
> Run with --scan to get full insights from a Build Scan (powered by Develocity).
> Get more help at https://help.gradle.org.

BUILD FAILED in 8m 53s
160 actionable tasks: 56 executed, 1 from cache, 103 up-to-date
