Picked up JAVA_TOOL_OPTIONS: -Djdk.net.unixdomain.tmpdir=NUL
> Task :core:domain:checkKotlinGradlePluginConfigurationErrors SKIPPED
> Task :core:domain:processResources NO-SOURCE
> Task :core:testing:checkKotlinGradlePluginConfigurationErrors SKIPPED
> Task :core:testing:processResources NO-SOURCE
> Task :core:taxonomy:checkKotlinGradlePluginConfigurationErrors SKIPPED
> Task :core:taxonomy:processResources NO-SOURCE
> Task :core:exploration:checkKotlinGradlePluginConfigurationErrors SKIPPED
> Task :core:occurrence:checkKotlinGradlePluginConfigurationErrors SKIPPED
> Task :core:route:checkKotlinGradlePluginConfigurationErrors SKIPPED
> Task :core:route:processResources NO-SOURCE
> Task :core:occurrence:processResources NO-SOURCE
> Task :core:plausibility:checkKotlinGradlePluginConfigurationErrors SKIPPED
> Task :core:plausibility:processResources NO-SOURCE
> Task :core:exploration:processResources NO-SOURCE
> Task :app:preBuild UP-TO-DATE
> Task :app:preDebugBuild UP-TO-DATE
> Task :app:generateDebugResources
> Task :app:packageDebugResources
> Task :core:local:preBuild UP-TO-DATE
> Task :core:local:preDebugBuild UP-TO-DATE
> Task :core:local:processDebugNavigationResources
> Task :app:processDebugNavigationResources
> Task :core:local:generateDebugResources
> Task :core:local:packageDebugResources
> Task :core:local:parseDebugLocalResources
> Task :app:parseDebugLocalResources
> Task :core:local:javaPreCompileDebug
> Task :app:javaPreCompileDebug
> Task :app:mapDebugSourceSetPaths
> Task :core:local:writeDebugAarMetadata
> Task :core:local:generateDebugRFile
> Task :app:generateDebugRFile
> Task :app:compileDebugNavigationResources
> Task :app:checkDebugAarMetadata
> Task :app:createDebugCompatibleScreenManifests
> Task :app:extractDeepLinksDebug
> Task :core:local:extractDeepLinksDebug
> Task :core:local:mapDebugSourceSetPaths
> Task :app:preDebugAndroidTestBuild SKIPPED
> Task :app:generateDebugAndroidTestResources FROM-CACHE
> Task :app:packageDebugAndroidTestResources
> Task :app:processDebugAndroidTestNavigationResources FROM-CACHE
> Task :app:parseDebugAndroidTestLocalResources FROM-CACHE
> Task :app:javaPreCompileDebugAndroidTest FROM-CACHE
> Task :app:generateDebugAssets UP-TO-DATE
> Task :core:local:generateDebugAssets UP-TO-DATE
> Task :core:local:compileDebugLibraryResources
> Task :core:local:mergeDebugAssets
> Task :app:generateDebugAndroidTestRFile
> Task :core:local:processDebugManifest
> Task :app:mergeDebugAssets
> Task :app:processDebugMainManifest
> Task :app:mergeDebugResources
> Task :app:processDebugManifest
> Task :app:compressDebugAssets
> Task :app:generateDebugGlobalSynthetics
> Task :app:desugarDebugFileDependencies
> Task :app:mergeDebugJniLibFolders
> Task :core:local:mergeDebugJniLibFolders
> Task :core:local:mergeDebugNativeLibs NO-SOURCE
> Task :app:checkDebugDuplicateClasses
> Task :core:local:copyDebugJniLibsProjectOnly
> Task :core:domain:compileKotlin
> Task :app:processDebugManifestForPackage
> Task :app:mergeExtDexDebug
> Task :core:domain:compileJava NO-SOURCE
> Task :core:domain:classes UP-TO-DATE
> Task :core:domain:jar UP-TO-DATE
> Task :app:validateSigningDebug
> Task :app:writeDebugAppMetadata
> Task :app:writeDebugSigningConfigVersions
> Task :app:generateDebugAndroidTestAssets UP-TO-DATE
> Task :core:testing:compileKotlin
> Task :core:testing:compileJava NO-SOURCE
> Task :core:testing:classes UP-TO-DATE
> Task :core:testing:jar UP-TO-DATE
> Task :app:generateDebugAndroidTestGlobalSynthetics FROM-CACHE
> Task :app:desugarDebugAndroidTestFileDependencies FROM-CACHE
> Task :app:checkDebugAndroidTestDuplicateClasses
> Task :app:processDebugResources
> Task :core:taxonomy:compileKotlin
> Task :core:taxonomy:compileJava NO-SOURCE
> Task :core:taxonomy:classes UP-TO-DATE
> Task :core:taxonomy:jar UP-TO-DATE
> Task :app:checkDebugAndroidTestAarMetadata
> Task :app:mapDebugAndroidTestSourceSetPaths
> Task :app:compileDebugAndroidTestNavigationResources FROM-CACHE
> Task :app:mergeExtDexDebugAndroidTest
> Task :app:mergeDebugAndroidTestManifest
> Task :app:processDebugAndroidTestManifest
> Task :app:mergeDebugAndroidTestJniLibFolders
> Task :app:validateSigningDebugAndroidTest
> Task :app:writeDebugAndroidTestSigningConfigVersions
> Task :app:mergeDebugAndroidTestResources
> Task :core:route:compileKotlin
> Task :core:route:compileJava NO-SOURCE
> Task :core:route:classes UP-TO-DATE
> Task :core:route:jar UP-TO-DATE
> Task :app:processDebugAndroidTestResources

> Task :app:pixel2Api36Setup
The device "pixel2Api36" does not specify a "testedAbi".
This currently defaults to "x86_64", but will change to "arm64-v8a" in AGP 10.0.

The system image configured for "pixel2Api36" does not support NDK translation,
so it will be unable to run tests built for "arm64-v8a".

To keep the current behavior and prevent test failures in AGP 10.0,
explicitly set the ABI: testedAbi = "x86_64"

> Task :core:occurrence:compileKotlin
> Task :core:occurrence:compileJava NO-SOURCE
> Task :core:occurrence:classes UP-TO-DATE
> Task :core:occurrence:jar UP-TO-DATE
> Task :core:plausibility:compileKotlin
> Task :core:plausibility:compileJava NO-SOURCE
> Task :core:plausibility:classes UP-TO-DATE
> Task :core:plausibility:jar UP-TO-DATE
> Task :core:exploration:compileKotlin
> Task :core:exploration:compileJava NO-SOURCE
> Task :core:exploration:classes UP-TO-DATE
> Task :core:exploration:jar UP-TO-DATE
> Task :app:mergeDebugNativeLibs
> Task :app:mergeDebugAndroidTestNativeLibs NO-SOURCE

> Task :app:stripDebugDebugSymbols
Unable to strip the following libraries, packaging them as they are: libandroidx.graphics.path.so, libmaplibre.so. Run with --info option to learn more.

> Task :app:stripDebugAndroidTestDebugSymbols NO-SOURCE
> Task :core:local:kspDebugKotlin
> Task :core:local:compileDebugKotlin
> Task :core:local:compileDebugJavaWithJavac NO-SOURCE
> Task :core:local:copyRoomSchemas NO-SOURCE
> Task :core:local:processDebugJavaRes
> Task :core:local:bundleLibCompileToJarDebug
> Task :core:local:bundleLibRuntimeToDirDebug
> Task :app:mergeDebugAndroidTestAssets
> Task :app:compressDebugAndroidTestAssets
> Task :app:mergeLibDexDebugAndroidTest
> Task :app:mergeLibDexDebug
> Task :app:compileDebugKotlin
> Task :app:compileDebugJavaWithJavac NO-SOURCE
> Task :app:processDebugJavaRes
> Task :app:bundleDebugClassesToCompileJar
> Task :app:mergeDebugJavaResource
> Task :app:dexBuilderDebug
> Task :app:mergeProjectDexDebug
> Task :app:packageDebug
> Task :app:createDebugApkListingFileRedirect
> Task :app:compileDebugAndroidTestKotlin
> Task :app:compileDebugAndroidTestJavaWithJavac NO-SOURCE
> Task :app:processDebugAndroidTestJavaRes
> Task :app:mergeDebugAndroidTestJavaResource
> Task :app:dexBuilderDebugAndroidTest
> Task :app:mergeProjectDexDebugAndroidTest
> Task :app:packageDebugAndroidTest
> Task :app:createDebugAndroidTestApkListingFileRedirect

> Task :app:pixel2Api36DebugAndroidTest
Running tests on devices: pixel2Api36

> Task :app:mergeDebugAndroidTestTestResultProtos
Test execution completed. See the report at: file:///C:/Users/MicheleGreco/AppData/Local/Faunavia/toolchains/builds/Faunavia/app/reports/androidTests/managedDevice/debug/allDevices/index.html

BUILD SUCCESSFUL in 2m 57s
103 actionable tasks: 89 executed, 7 from cache, 7 up-to-date
