Fra:1 Mem:10.88M (Peak 10.88M) | Time:00:00.00 | Mem:0.00M, Peak:0.00M | Scene, ViewLayer | Synchronizing object | Area.001
Fra:1 Mem:10.88M (Peak 10.88M) | Time:00:00.00 | Mem:0.00M, Peak:0.00M | Scene, ViewLayer | Synchronizing object | Area
Fra:1 Mem:10.88M (Peak 10.88M) | Time:00:00.00 | Mem:0.00M, Peak:0.00M | Scene, ViewLayer | Synchronizing object | Plane
Fra:1 Mem:10.88M (Peak 10.88M) | Time:00:00.00 | Mem:0.00M, Peak:0.00M | Scene, ViewLayer | Synchronizing object | Becco
Fra:1 Mem:10.88M (Peak 10.88M) | Time:00:00.00 | Mem:0.00M, Peak:0.00M | Scene, ViewLayer | Synchronizing object | Dito posteriore 1
Fra:1 Mem:10.88M (Peak 10.88M) | Time:00:00.00 | Mem:0.00M, Peak:0.00M | Scene, ViewLayer | Synchronizing object | Dito 1:1
Fra:1 Mem:10.89M (Peak 10.89M) | Time:00:00.00 | Mem:0.00M, Peak:0.00M | Scene, ViewLayer | Synchronizing object | Dito 1:0
Fra:1 Mem:10.89M (Peak 10.89M) | Time:00:00.00 | Mem:0.00M, Peak:0.00M | Scene, ViewLayer | Synchronizing object | Dito 1:-1
Fra:1 Mem:10.89M (Peak 10.89M) | Time:00:00.00 | Mem:0.00M, Peak:0.00M | Scene, ViewLayer | Synchronizing object | Gamba 1
Fra:1 Mem:10.89M (Peak 10.89M) | Time:00:00.00 | Mem:0.00M, Peak:0.00M | Scene, ViewLayer | Synchronizing object | Occhio 1
Fra:1 Mem:10.91M (Peak 10.91M) | Time:00:00.00 | Mem:0.00M, Peak:0.00M | Scene, ViewLayer | Synchronizing object | Anello oculare 1
Fra:1 Mem:10.93M (Peak 10.93M) | Time:00:00.00 | Mem:0.00M, Peak:0.00M | Scene, ViewLayer | Synchronizing object | Ala 1
Fra:1 Mem:10.95M (Peak 10.95M) | Time:00:00.00 | Mem:0.00M, Peak:0.00M | Scene, ViewLayer | Synchronizing object | Dito posteriore -1
Fra:1 Mem:10.95M (Peak 10.95M) | Time:00:00.00 | Mem:0.00M, Peak:0.00M | Scene, ViewLayer | Synchronizing object | Dito -1:1
Fra:1 Mem:10.96M (Peak 10.96M) | Time:00:00.00 | Mem:0.00M, Peak:0.00M | Scene, ViewLayer | Synchronizing object | Dito -1:0
Fra:1 Mem:10.96M (Peak 10.96M) | Time:00:00.00 | Mem:0.00M, Peak:0.00M | Scene, ViewLayer | Synchronizing object | Dito -1:-1
Fra:1 Mem:10.96M (Peak 10.96M) | Time:00:00.00 | Mem:0.00M, Peak:0.00M | Scene, ViewLayer | Synchronizing object | Gamba -1
Fra:1 Mem:10.96M (Peak 10.96M) | Time:00:00.00 | Mem:0.00M, Peak:0.00M | Scene, ViewLayer | Synchronizing object | Occhio -1
Fra:1 Mem:10.98M (Peak 10.98M) | Time:00:00.00 | Mem:0.00M, Peak:0.00M | Scene, ViewLayer | Synchronizing object | Anello oculare -1
Fra:1 Mem:11.00M (Peak 11.00M) | Time:00:00.00 | Mem:0.00M, Peak:0.00M | Scene, ViewLayer | Synchronizing object | Ala -1
Fra:1 Mem:11.02M (Peak 11.02M) | Time:00:00.00 | Mem:0.00M, Peak:0.00M | Scene, ViewLayer | Synchronizing object | Coda
Fra:1 Mem:11.04M (Peak 11.04M) | Time:00:00.00 | Mem:0.00M, Peak:0.00M | Scene, ViewLayer | Synchronizing object | Testa.001
Fra:1 Mem:11.06M (Peak 11.06M) | Time:00:00.00 | Mem:0.00M, Peak:0.00M | Scene, ViewLayer | Synchronizing object | Petto
Fra:1 Mem:11.08M (Peak 11.08M) | Time:00:00.00 | Mem:0.00M, Peak:0.00M | Scene, ViewLayer | Synchronizing object | Corpo
Fra:1 Mem:11.10M (Peak 11.10M) | Time:00:00.00 | Mem:0.00M, Peak:0.00M | Scene, ViewLayer | Initializing
Fra:1 Mem:9.95M (Peak 11.10M) | Time:00:00.00 | Mem:0.00M, Peak:0.00M | Scene, ViewLayer | Waiting for render to start
Fra:1 Mem:9.95M (Peak 11.10M) | Time:00:00.00 | Mem:0.00M, Peak:0.00M | Scene, ViewLayer | Updating Scene
Fra:1 Mem:9.95M (Peak 11.10M) | Time:00:00.00 | Mem:0.00M, Peak:0.00M | Scene, ViewLayer | Updating Shaders
Fra:1 Mem:9.95M (Peak 11.10M) | Time:00:00.00 | Mem:0.00M, Peak:0.00M | Scene, ViewLayer | Loading render kernels (may take a few minutes the first time)
Fra:1 Mem:10.04M (Peak 11.10M) | Time:00:00.00 | Mem:0.00M, Peak:0.00M | Scene, ViewLayer | Updating Procedurals
Fra:1 Mem:10.04M (Peak 11.10M) | Time:00:00.00 | Mem:0.00M, Peak:0.00M | Scene, ViewLayer | Updating Background
Fra:1 Mem:10.04M (Peak 11.10M) | Time:00:00.00 | Mem:0.00M, Peak:0.00M | Scene, ViewLayer | Updating Camera
Fra:1 Mem:10.04M (Peak 11.10M) | Time:00:00.00 | Mem:0.00M, Peak:0.00M | Scene, ViewLayer | Updating Meshes Flags
Fra:1 Mem:10.04M (Peak 11.10M) | Time:00:00.00 | Mem:0.00M, Peak:0.00M | Scene, ViewLayer | Updating Objects
Fra:1 Mem:10.04M (Peak 11.10M) | Time:00:00.00 | Mem:0.00M, Peak:0.00M | Scene, ViewLayer | Updating Objects | Copying Transformations to device
Fra:1 Mem:10.04M (Peak 11.10M) | Time:00:00.00 | Mem:0.01M, Peak:0.01M | Scene, ViewLayer | Updating Particle Systems
Fra:1 Mem:10.04M (Peak 11.10M) | Time:00:00.00 | Mem:0.01M, Peak:0.01M | Scene, ViewLayer | Updating Particle Systems | Copying Particles to device
Fra:1 Mem:10.04M (Peak 11.10M) | Time:00:00.00 | Mem:0.01M, Peak:0.01M | Scene, ViewLayer | Updating Meshes
Fra:1 Mem:10.04M (Peak 11.10M) | Time:00:00.00 | Mem:0.01M, Peak:0.01M | Scene, ViewLayer | Updating Objects | Applying Static Transformations
Fra:1 Mem:10.04M (Peak 11.10M) | Time:00:00.00 | Mem:0.01M, Peak:0.01M | Scene, ViewLayer | Updating Mesh | Computing attributes
Fra:1 Mem:10.06M (Peak 11.10M) | Time:00:00.00 | Mem:0.01M, Peak:0.01M | Scene, ViewLayer | Updating Mesh | Copying Attributes to device
Fra:1 Mem:10.06M (Peak 11.10M) | Time:00:00.00 | Mem:0.03M, Peak:0.03M | Scene, ViewLayer | Updating Scene BVH | Building
Fra:1 Mem:10.06M (Peak 11.10M) | Time:00:00.00 | Mem:0.03M, Peak:0.03M | Scene, ViewLayer | Updating Scene BVH | Building BVH
Fra:1 Mem:10.06M (Peak 11.10M) | Time:00:00.00 | Mem:0.11M, Peak:0.11M | Scene, ViewLayer | Updating Scene BVH | Building BVH 0%
Fra:1 Mem:10.06M (Peak 11.10M) | Time:00:00.00 | Mem:0.19M, Peak:0.27M | Scene, ViewLayer | Updating Scene BVH | Copying BVH to device
Fra:1 Mem:10.06M (Peak 11.10M) | Time:00:00.00 | Mem:0.19M, Peak:0.27M | Scene, ViewLayer | Updating Mesh | Computing normals
Fra:1 Mem:10.13M (Peak 11.10M) | Time:00:00.00 | Mem:0.19M, Peak:0.27M | Scene, ViewLayer | Updating Mesh | Copying Mesh to device
Fra:1 Mem:10.13M (Peak 11.10M) | Time:00:00.00 | Mem:0.26M, Peak:0.27M | Scene, ViewLayer | Updating Objects Flags
Fra:1 Mem:10.13M (Peak 11.10M) | Time:00:00.00 | Mem:0.26M, Peak:0.27M | Scene, ViewLayer | Updating Primitive Offsets
Fra:1 Mem:10.13M (Peak 11.10M) | Time:00:00.00 | Mem:0.26M, Peak:0.27M | Scene, ViewLayer | Updating Images
Fra:1 Mem:10.13M (Peak 11.10M) | Time:00:00.00 | Mem:0.26M, Peak:0.27M | Scene, ViewLayer | Updating Camera Volume
Fra:1 Mem:10.13M (Peak 11.10M) | Time:00:00.00 | Mem:0.26M, Peak:0.27M | Scene, ViewLayer | Updating Lookup Tables
Fra:1 Mem:10.13M (Peak 11.10M) | Time:00:00.00 | Mem:0.34M, Peak:0.34M | Scene, ViewLayer | Updating Lights
Fra:1 Mem:10.13M (Peak 11.10M) | Time:00:00.00 | Mem:0.34M, Peak:0.34M | Scene, ViewLayer | Updating Lights | Computing tree
Fra:1 Mem:10.13M (Peak 11.10M) | Time:00:00.00 | Mem:0.35M, Peak:0.35M | Scene, ViewLayer | Updating Integrator
Fra:1 Mem:10.13M (Peak 11.10M) | Time:00:00.00 | Mem:0.35M, Peak:0.35M | Scene, ViewLayer | Updating Film
Fra:1 Mem:10.13M (Peak 11.10M) | Time:00:00.00 | Mem:0.26M, Peak:0.35M | Scene, ViewLayer | Updating Lookup Tables
Fra:1 Mem:10.13M (Peak 11.10M) | Time:00:00.00 | Mem:0.35M, Peak:0.35M | Scene, ViewLayer | Updating Baking
Fra:1 Mem:10.13M (Peak 11.10M) | Time:00:00.00 | Mem:0.35M, Peak:0.35M | Scene, ViewLayer | Updating Device | Writing constant memory
Fra:1 Mem:10.14M (Peak 11.10M) | Time:00:00.00 | Mem:0.35M, Peak:0.35M | Scene, ViewLayer | Loading denoising kernels (may take a few minutes the first time)
Fra:1 Mem:10.14M (Peak 11.10M) | Time:00:00.00 | Mem:0.35M, Peak:0.35M | Scene, ViewLayer | Sample 0/32
Fra:1 Mem:39.92M (Peak 39.92M) | Time:00:00.15 | Remaining:00:04.64 | Mem:30.04M, Peak:30.04M | Scene, ViewLayer | Sample 1/32
Fra:1 Mem:52.42M (Peak 71.17M) | Time:00:05.59 | Mem:30.04M, Peak:30.04M | Scene, ViewLayer | Sample 32/32
Fra:1 Mem:52.42M (Peak 71.17M) | Time:00:05.59 | Mem:30.04M, Peak:30.04M | Scene, ViewLayer | Finished
Saved: 'C:\Users\MicheleGreco\OneDrive - Fusion AI Labs\Desktop\Progetti\Faunavia\assets-3d\blackbird\preview.png'
Time: 00:05.72 (Saving: 00:00.12)

Info: Saved as "blackbird-v1.blend"
F14: source, GLB and preview generated

> faunavia-asset-validation@1.0.0 validate
> node validate.cjs

{"sha256":"a7175f59e7dea9ac09d6417a5dd199802cd03878e33210cb5b70bf20e0c4f173","bytes":172764,"errors":0,"warnings":0}
