Collecting bpy==4.5.3
  Downloading bpy-4.5.3-cp311-cp311-win_amd64.whl.metadata (2.1 kB)
Collecting cython (from bpy==4.5.3)
  Downloading cython-3.3.0-cp311-cp311-win_amd64.whl.metadata (28 kB)
Collecting numpy<2.0,>=1.26 (from bpy==4.5.3)
  Downloading numpy-1.26.4-cp311-cp311-win_amd64.whl.metadata (61 kB)
     ---------------------------------------- 61.0/61.0 kB 1.6 MB/s eta 0:00:00
Collecting requests (from bpy==4.5.3)
  Using cached requests-2.34.2-py3-none-any.whl.metadata (4.8 kB)
Collecting zstandard (from bpy==4.5.3)
  Downloading zstandard-0.25.0-cp311-cp311-win_amd64.whl.metadata (3.3 kB)
Collecting charset_normalizer<4,>=2 (from requests->bpy==4.5.3)
  Downloading charset_normalizer-3.5.2-cp311-cp311-win_amd64.whl.metadata (47 kB)
     ---------------------------------------- 47.3/47.3 kB 2.5 MB/s eta 0:00:00
Collecting idna<4,>=2.5 (from requests->bpy==4.5.3)
  Downloading idna-3.20-py3-none-any.whl.metadata (7.2 kB)
Collecting urllib3<3,>=1.26 (from requests->bpy==4.5.3)
  Downloading urllib3-2.8.0-py3-none-any.whl.metadata (7.4 kB)
Collecting certifi>=2023.5.7 (from requests->bpy==4.5.3)
  Downloading certifi-2026.7.22-py3-none-any.whl.metadata (2.5 kB)
Downloading bpy-4.5.3-cp311-cp311-win_amd64.whl (326.6 MB)
   ---------------------------------------- 326.6/326.6 MB 3.5 MB/s eta 0:00:00
Downloading numpy-1.26.4-cp311-cp311-win_amd64.whl (15.8 MB)
   ---------------------------------------- 15.8/15.8 MB 5.6 MB/s eta 0:00:00
Downloading cython-3.3.0-cp311-cp311-win_amd64.whl (2.9 MB)
   ---------------------------------------- 2.9/2.9 MB 6.1 MB/s eta 0:00:00
Using cached requests-2.34.2-py3-none-any.whl (73 kB)
Downloading zstandard-0.25.0-cp311-cp311-win_amd64.whl (506 kB)
   ---------------------------------------- 506.2/506.2 kB 6.4 MB/s eta 0:00:00
Downloading certifi-2026.7.22-py3-none-any.whl (136 kB)
   ---------------------------------------- 137.0/137.0 kB 4.1 MB/s eta 0:00:00
Downloading charset_normalizer-3.5.2-cp311-cp311-win_amd64.whl (214 kB)
   ---------------------------------------- 214.9/214.9 kB 6.6 MB/s eta 0:00:00
Downloading idna-3.20-py3-none-any.whl (69 kB)
   ---------------------------------------- 69.6/69.6 kB 4.0 MB/s eta 0:00:00
Downloading urllib3-2.8.0-py3-none-any.whl (135 kB)
   ---------------------------------------- 135.7/135.7 kB 4.0 MB/s eta 0:00:00
Installing collected packages: zstandard, urllib3, numpy, idna, cython, charset_normalizer, certifi, requests, bpy
Successfully installed bpy-4.5.3 certifi-2026.7.22 charset_normalizer-3.5.2 cython-3.3.0 idna-3.20 numpy-1.26.4 requests-2.34.2 urllib3-2.8.0 zstandard-0.25.0

[notice] A new release of pip is available: 24.0 -> 26.2.1
[notice] To update, run: C:\Users\MicheleGreco\AppData\Local\Faunavia\toolchains\blender\blender-4.5.3-windows-x64\4.5\python\bin\python.exe -m pip install --upgrade pip
