Picked up JAVA_TOOL_OPTIONS: -Djdk.net.unixdomain.tmpdir=NUL

> Task :verifyF0
PASS schema: C:\Users\MicheleGreco\OneDrive - Fusion AI Labs\Desktop\Progetti\Faunavia\f0\fixtures\providers\clcplus-2021-samples.json
PASS schema: C:\Users\MicheleGreco\OneDrive - Fusion AI Labs\Desktop\Progetti\Faunavia\f0\fixtures\providers\eea-article12.parco-nord.json
PASS schema: C:\Users\MicheleGreco\OneDrive - Fusion AI Labs\Desktop\Progetti\Faunavia\f0\fixtures\providers\eea-article17.parco-nord.json
PASS schema: C:\Users\MicheleGreco\OneDrive - Fusion AI Labs\Desktop\Progetti\Faunavia\f0\fixtures\providers\eea-maes-2014.json
PASS schema: C:\Users\MicheleGreco\OneDrive - Fusion AI Labs\Desktop\Progetti\Faunavia\f0\fixtures\providers\gbif-occurrence.parco-nord.json
PASS schema: C:\Users\MicheleGreco\OneDrive - Fusion AI Labs\Desktop\Progetti\Faunavia\f0\fixtures\providers\gbif-taxa-initial.json
PASS schema: C:\Users\MicheleGreco\OneDrive - Fusion AI Labs\Desktop\Progetti\Faunavia\f0\fixtures\providers\nnb-wfs.parco-nord.json
PASS schema: C:\Users\MicheleGreco\OneDrive - Fusion AI Labs\Desktop\Progetti\Faunavia\f0\fixtures\normalized\habitat-maes.json
PASS schema: C:\Users\MicheleGreco\OneDrive - Fusion AI Labs\Desktop\Progetti\Faunavia\f0\fixtures\normalized\occurrence-gbif.json
PASS schema: C:\Users\MicheleGreco\OneDrive - Fusion AI Labs\Desktop\Progetti\Faunavia\f0\fixtures\normalized\occurrence-nnb.json
PASS schema: C:\Users\MicheleGreco\OneDrive - Fusion AI Labs\Desktop\Progetti\Faunavia\f0\fixtures\normalized\range-article17.json
PASS schema: C:\Users\MicheleGreco\OneDrive - Fusion AI Labs\Desktop\Progetti\Faunavia\f0\fixtures\normalized\season-article12.json
PASS schema: C:\Users\MicheleGreco\OneDrive - Fusion AI Labs\Desktop\Progetti\Faunavia\f0\fixtures\normalized\taxon-turdus-merula.json
PASS schema: C:\Users\MicheleGreco\OneDrive - Fusion AI Labs\Desktop\Progetti\Faunavia\f0\fixtures\routes\pilot-routes.geojson
✔ le cinque tracce WGS84 hanno coordinate valide e una sola pilota (4.7947ms)
✔ celle, chunk, metriche e fingerprint sono deterministici (10.8505ms)
✔ il fingerprint ignora rumore sotto la precisione contrattuale (1.4528ms)
✔ tutte le query rispettano il limite interno e quello noto del provider (0.6215ms)
✔ le fixture provider sono rileggibili offline e protette da hash (3.6315ms)
✔ i normalizzatori riproducono gli esempi GBIF e NNB (1.9443ms)
✔ solo un taxon Animalia accettato supera il gate di persistenza (0.9838ms)
✔ documented, plausible e insufficient restano semanticamente distinti (0.6974ms)
✔ la mancanza del crosswalk CLCplus-MAES produce insufficient (0.1438ms)
✔ gli esiti reali conservano fallback, errori e non-equivalenza temporale (1.3836ms)
✔ ogni record normalizzato mantiene provenienza completa e fixture grezza (2.2292ms)
✔ un'occorrenza storica conserva la data e non dichiara presenza attuale (0.3667ms)
✔ registro fonti rende leggibili licenza, attribuzione, uso e rischio (0.4794ms)
ℹ tests 13
ℹ suites 0
ℹ pass 13
ℹ fail 0
ℹ cancelled 0
ℹ skipped 0
ℹ todo 0
ℹ duration_ms 108.0733

> Task :formatCheck
PASS format invariants

> Task :staticAnalysis
PASS architectural boundaries and secret scan

> Task :app:preBuild UP-TO-DATE
> Task :app:preDebugBuild UP-TO-DATE
> Task :app:mergeDebugNativeDebugMetadata NO-SOURCE
> Task :core:domain:checkKotlinGradlePluginConfigurationErrors SKIPPED
> Task :core:domain:processResources NO-SOURCE
> Task :core:taxonomy:checkKotlinGradlePluginConfigurationErrors SKIPPED
> Task :core:taxonomy:processResources NO-SOURCE
> Task :core:exploration:checkKotlinGradlePluginConfigurationErrors SKIPPED
> Task :core:occurrence:checkKotlinGradlePluginConfigurationErrors SKIPPED
> Task :core:route:checkKotlinGradlePluginConfigurationErrors SKIPPED
> Task :core:route:processResources NO-SOURCE
> Task :core:occurrence:processResources NO-SOURCE
> Task :core:plausibility:checkKotlinGradlePluginConfigurationErrors SKIPPED
> Task :core:plausibility:processResources NO-SOURCE
> Task :core:exploration:processResources NO-SOURCE
> Task :app:generateDebugResources UP-TO-DATE
> Task :app:packageDebugResources UP-TO-DATE
> Task :core:local:preBuild UP-TO-DATE
> Task :core:local:preDebugBuild UP-TO-DATE
> Task :core:local:processDebugNavigationResources UP-TO-DATE
> Task :app:processDebugNavigationResources UP-TO-DATE
> Task :app:parseDebugLocalResources UP-TO-DATE
> Task :app:generateDebugRFile UP-TO-DATE
> Task :core:local:generateDebugResources UP-TO-DATE
> Task :core:local:packageDebugResources UP-TO-DATE
> Task :core:local:parseDebugLocalResources UP-TO-DATE
> Task :core:local:generateDebugRFile UP-TO-DATE
> Task :core:local:javaPreCompileDebug UP-TO-DATE
> Task :app:javaPreCompileDebug UP-TO-DATE
> Task :app:generateDebugAssets UP-TO-DATE
> Task :core:local:generateDebugAssets UP-TO-DATE
> Task :core:local:mergeDebugAssets UP-TO-DATE
> Task :app:mergeDebugAssets UP-TO-DATE
> Task :app:compressDebugAssets UP-TO-DATE
> Task :app:generateDebugGlobalSynthetics UP-TO-DATE
> Task :app:checkDebugDuplicateClasses UP-TO-DATE
> Task :app:desugarDebugFileDependencies UP-TO-DATE
> Task :app:mergeExtDexDebug UP-TO-DATE
> Task :core:local:writeDebugAarMetadata UP-TO-DATE
> Task :app:checkDebugAarMetadata UP-TO-DATE
> Task :app:mapDebugSourceSetPaths UP-TO-DATE
> Task :app:compileDebugNavigationResources UP-TO-DATE
> Task :app:mergeDebugResources UP-TO-DATE
> Task :app:createDebugCompatibleScreenManifests UP-TO-DATE
> Task :app:extractDeepLinksDebug UP-TO-DATE
> Task :core:local:extractDeepLinksDebug UP-TO-DATE
> Task :core:local:processDebugManifest UP-TO-DATE
> Task :app:processDebugMainManifest UP-TO-DATE
> Task :app:processDebugManifest UP-TO-DATE
> Task :app:processDebugManifestForPackage UP-TO-DATE
> Task :core:local:mapDebugSourceSetPaths UP-TO-DATE
> Task :core:local:compileDebugLibraryResources UP-TO-DATE
> Task :app:processDebugResources UP-TO-DATE
> Task :app:mergeDebugJniLibFolders UP-TO-DATE
> Task :core:local:mergeDebugJniLibFolders UP-TO-DATE
> Task :core:local:mergeDebugNativeLibs NO-SOURCE
> Task :core:local:copyDebugJniLibsProjectOnly UP-TO-DATE
> Task :app:validateSigningDebug UP-TO-DATE
> Task :app:writeDebugAppMetadata UP-TO-DATE
> Task :app:writeDebugSigningConfigVersions UP-TO-DATE
> Task :core:local:checkDebugAarMetadata UP-TO-DATE
> Task :core:local:extractDeepLinksForAarDebug UP-TO-DATE
> Task :core:local:prepareDebugArtProfile UP-TO-DATE
> Task :core:local:prepareLintJarForPublish UP-TO-DATE
> Task :app:preDebugAndroidTestBuild SKIPPED
> Task :core:local:writeDebugLintModelMetadata UP-TO-DATE
> Task :core:testing:checkKotlinGradlePluginConfigurationErrors SKIPPED
> Task :core:testing:processResources NO-SOURCE
> Task :app:extractProguardFiles UP-TO-DATE
> Task :core:local:extractProguardFiles UP-TO-DATE
> Task :app:preDebugUnitTestBuild UP-TO-DATE
> Task :core:local:preDebugAndroidTestBuild UP-TO-DATE
> Task :core:local:preDebugUnitTestBuild UP-TO-DATE
> Task :app:javaPreCompileDebugUnitTest UP-TO-DATE
> Task :app:packageDebugUnitTestForUnitTest UP-TO-DATE
> Task :app:mergeDebugUnitTestManifest UP-TO-DATE
> Task :app:processDebugUnitTestManifest UP-TO-DATE
> Task :app:generateDebugUnitTestConfig UP-TO-DATE
> Task :core:domain:processTestResources NO-SOURCE
> Task :core:exploration:processTestResources NO-SOURCE
> Task :core:occurrence:processTestResources NO-SOURCE
> Task :core:plausibility:processTestResources UP-TO-DATE
> Task :core:route:processTestResources NO-SOURCE
> Task :core:taxonomy:processTestResources NO-SOURCE
> Task :core:testing:processTestResources NO-SOURCE
> Task :app:generateDebugAndroidTestResources UP-TO-DATE
> Task :app:packageDebugAndroidTestResources UP-TO-DATE
> Task :app:processDebugAndroidTestNavigationResources UP-TO-DATE
> Task :app:parseDebugAndroidTestLocalResources UP-TO-DATE
> Task :app:generateDebugAndroidTestRFile UP-TO-DATE
> Task :app:javaPreCompileDebugAndroidTest UP-TO-DATE
> Task :app:generateDebugAndroidTestAssets UP-TO-DATE
> Task :app:generateDebugAndroidTestGlobalSynthetics UP-TO-DATE
> Task :app:checkDebugAndroidTestDuplicateClasses UP-TO-DATE
> Task :app:desugarDebugAndroidTestFileDependencies UP-TO-DATE
> Task :app:mergeExtDexDebugAndroidTest UP-TO-DATE
> Task :app:checkDebugAndroidTestAarMetadata UP-TO-DATE
> Task :app:mapDebugAndroidTestSourceSetPaths UP-TO-DATE
> Task :app:compileDebugAndroidTestNavigationResources UP-TO-DATE
> Task :app:mergeDebugAndroidTestResources UP-TO-DATE
> Task :app:mergeDebugAndroidTestManifest UP-TO-DATE
> Task :app:processDebugAndroidTestManifest UP-TO-DATE
> Task :app:processDebugAndroidTestResources UP-TO-DATE
> Task :app:mergeDebugAndroidTestJniLibFolders UP-TO-DATE
> Task :app:validateSigningDebugAndroidTest UP-TO-DATE
> Task :app:writeDebugAndroidTestSigningConfigVersions UP-TO-DATE

> Task :app:pixel2Api36Setup
The device "pixel2Api36" does not specify a "testedAbi".
This currently defaults to "x86_64", but will change to "arm64-v8a" in AGP 10.0.

The system image configured for "pixel2Api36" does not support NDK translation,
so it will be unable to run tests built for "arm64-v8a".

To keep the current behavior and prevent test failures in AGP 10.0,
explicitly set the ABI: testedAbi = "x86_64"

> Task :core:domain:compileKotlin
> Task :core:domain:compileJava NO-SOURCE
> Task :core:domain:classes UP-TO-DATE
> Task :core:domain:jar
> Task :core:taxonomy:compileKotlin UP-TO-DATE
> Task :core:taxonomy:compileJava NO-SOURCE
> Task :core:taxonomy:classes UP-TO-DATE
> Task :core:taxonomy:jar UP-TO-DATE
> Task :core:route:compileKotlin UP-TO-DATE
> Task :core:route:compileJava NO-SOURCE
> Task :core:route:classes UP-TO-DATE
> Task :core:route:jar UP-TO-DATE
> Task :core:occurrence:compileKotlin UP-TO-DATE
> Task :core:occurrence:compileJava NO-SOURCE
> Task :core:occurrence:classes UP-TO-DATE
> Task :core:occurrence:jar UP-TO-DATE
> Task :core:plausibility:compileKotlin UP-TO-DATE
> Task :core:plausibility:compileJava NO-SOURCE
> Task :core:plausibility:classes UP-TO-DATE
> Task :core:plausibility:jar UP-TO-DATE
> Task :core:testing:compileKotlin UP-TO-DATE
> Task :core:testing:compileJava NO-SOURCE
> Task :core:testing:classes UP-TO-DATE
> Task :core:testing:jar UP-TO-DATE
> Task :core:domain:compileTestKotlin UP-TO-DATE
> Task :core:domain:compileTestJava NO-SOURCE
> Task :core:domain:testClasses UP-TO-DATE

> Task :core:domain:test
Picked up JAVA_TOOL_OPTIONS: -Djdk.net.unixdomain.tmpdir=NUL

> Task :core:occurrence:compileTestKotlin UP-TO-DATE
> Task :core:occurrence:compileTestJava NO-SOURCE
> Task :core:occurrence:testClasses UP-TO-DATE
> Task :core:exploration:compileKotlin

> Task :core:occurrence:test
Picked up JAVA_TOOL_OPTIONS: -Djdk.net.unixdomain.tmpdir=NUL

> Task :core:exploration:compileJava NO-SOURCE
> Task :core:exploration:classes UP-TO-DATE
> Task :core:exploration:jar
> Task :app:mergeDebugNativeLibs UP-TO-DATE
> Task :app:stripDebugDebugSymbols UP-TO-DATE
> Task :core:plausibility:compileTestKotlin UP-TO-DATE
> Task :core:plausibility:compileTestJava NO-SOURCE
> Task :core:plausibility:testClasses UP-TO-DATE
> Task :core:exploration:compileTestKotlin

> Task :core:plausibility:test
Picked up JAVA_TOOL_OPTIONS: -Djdk.net.unixdomain.tmpdir=NUL

> Task :core:exploration:compileTestJava NO-SOURCE
> Task :core:exploration:testClasses UP-TO-DATE

> Task :core:exploration:test
Picked up JAVA_TOOL_OPTIONS: -Djdk.net.unixdomain.tmpdir=NUL

> Task :core:route:compileTestKotlin UP-TO-DATE
> Task :core:route:compileTestJava NO-SOURCE
> Task :core:route:testClasses UP-TO-DATE

> Task :core:route:test
Picked up JAVA_TOOL_OPTIONS: -Djdk.net.unixdomain.tmpdir=NUL

> Task :core:taxonomy:compileTestKotlin UP-TO-DATE
> Task :core:taxonomy:compileTestJava NO-SOURCE
> Task :core:taxonomy:testClasses UP-TO-DATE

> Task :core:taxonomy:test
Picked up JAVA_TOOL_OPTIONS: -Djdk.net.unixdomain.tmpdir=NUL

> Task :core:testing:compileTestKotlin UP-TO-DATE
> Task :core:testing:compileTestJava NO-SOURCE
> Task :core:testing:testClasses UP-TO-DATE

> Task :core:testing:test
Picked up JAVA_TOOL_OPTIONS: -Djdk.net.unixdomain.tmpdir=NUL

> Task :app:mergeDebugAndroidTestNativeLibs NO-SOURCE
> Task :app:stripDebugAndroidTestDebugSymbols NO-SOURCE
> Task :core:local:kspDebugKotlin
> Task :core:local:extractDebugAnnotations
> Task :core:local:compileDebugKotlin
> Task :core:local:compileDebugJavaWithJavac NO-SOURCE
> Task :core:local:copyRoomSchemas NO-SOURCE
> Task :core:local:processDebugJavaRes UP-TO-DATE
> Task :core:local:mergeDebugGeneratedProguardFiles UP-TO-DATE
> Task :core:local:mergeDebugConsumerProguardFiles UP-TO-DATE
> Task :core:local:mergeDebugJavaResource UP-TO-DATE
> Task :core:local:bundleLibRuntimeToDirDebug
> Task :core:local:bundleLibCompileToJarDebug
> Task :core:local:syncDebugLibJars
> Task :core:local:bundleDebugLocalLintAar
> Task :core:local:bundleLibRuntimeToJarDebug
> Task :core:local:generateDebugLintModel
> Task :core:local:createFullJarDebug
> Task :core:local:generateDebugAndroidTestLintModel
> Task :core:local:generateDebugUnitTestLintModel
> Task :core:local:generateDebugLintReportModel
> Task :app:mergeDebugAndroidTestAssets UP-TO-DATE
> Task :app:compressDebugAndroidTestAssets UP-TO-DATE
> Task :app:mergeLibDexDebugAndroidTest UP-TO-DATE
> Task :app:mergeLibDexDebug
> Task :core:local:lintAnalyzeDebugAndroidTest
> Task :core:local:lintAnalyzeDebugUnitTest
> Task :app:compileDebugKotlin
> Task :app:compileDebugJavaWithJavac NO-SOURCE
> Task :app:processDebugJavaRes UP-TO-DATE
> Task :app:mergeDebugJavaResource
> Task :app:dexBuilderDebug

> Task :app:generateDebugLintReportModel
Warning: Lint will treat :core:taxonomy as an external dependency and not analyze it.
 * Recommended Action: Apply the 'com.android.lint' plugin to java library project :core:taxonomy. to enable lint to analyze those sources.

Warning: Lint will treat :core:exploration as an external dependency and not analyze it.
 * Recommended Action: Apply the 'com.android.lint' plugin to java library project :core:exploration. to enable lint to analyze those sources.

Warning: Lint will treat :core:plausibility as an external dependency and not analyze it.
 * Recommended Action: Apply the 'com.android.lint' plugin to java library project :core:plausibility. to enable lint to analyze those sources.

Warning: Lint will treat :core:occurrence as an external dependency and not analyze it.
 * Recommended Action: Apply the 'com.android.lint' plugin to java library project :core:occurrence. to enable lint to analyze those sources.

Warning: Lint will treat :core:route as an external dependency and not analyze it.
 * Recommended Action: Apply the 'com.android.lint' plugin to java library project :core:route. to enable lint to analyze those sources.

Warning: Lint will treat :core:domain as an external dependency and not analyze it.
 * Recommended Action: Apply the 'com.android.lint' plugin to java library project :core:domain. to enable lint to analyze those sources.


> Task :app:bundleDebugClassesToCompileJar
> Task :app:generateDebugAndroidTestLintModel
> Task :app:bundleDebugClassesToRuntimeJar
> Task :app:generateDebugUnitTestLintModel
> Task :app:mergeProjectDexDebug
> Task :app:compileDebugUnitTestKotlin
> Task :app:compileDebugUnitTestJavaWithJavac NO-SOURCE
> Task :app:processDebugUnitTestJavaRes UP-TO-DATE

> Task :app:testDebugUnitTest
Picked up JAVA_TOOL_OPTIONS: -Djdk.net.unixdomain.tmpdir=NUL

> Task :core:local:lintAnalyzeDebug
> Task :app:lintAnalyzeDebugUnitTest
> Task :app:packageDebug
> Task :app:createDebugApkListingFileRedirect UP-TO-DATE
> Task :app:assembleDebug
> Task :app:compileDebugAndroidTestKotlin
> Task :app:compileDebugAndroidTestJavaWithJavac NO-SOURCE
> Task :app:processDebugAndroidTestJavaRes UP-TO-DATE
> Task :app:mergeDebugAndroidTestJavaResource UP-TO-DATE
> Task :app:dexBuilderDebugAndroidTest
> Task :app:mergeProjectDexDebugAndroidTest
> Task :app:packageDebugAndroidTest
> Task :app:createDebugAndroidTestApkListingFileRedirect UP-TO-DATE

> Task :app:pixel2Api36DebugAndroidTest
Running tests on devices: pixel2Api36

> Task :app:lintAnalyzeDebugAndroidTest

> Task :app:mergeDebugAndroidTestTestResultProtos
Test execution completed. See the report at: file:///C:/Users/MicheleGreco/AppData/Local/Faunavia/toolchains/builds/Faunavia/app/reports/androidTests/managedDevice/debug/allDevices/index.html

> Task :verifyDevice
> Task :core:local:lintReportDebug
> Task :verifyVisual
> Task :core:local:lintDebug
> Task :app:lintAnalyzeDebug
> Task :app:lintReportDebug
> Task :app:lintDebug
> Task :verifyFast
> Task :collectVerificationReports
> Task :verifyAll

BUILD SUCCESSFUL in 9m 14s
165 actionable tasks: 61 executed, 104 up-to-date
