Picked up JAVA_TOOL_OPTIONS: -Djdk.net.unixdomain.tmpdir=NUL

> Task :formatCheck
PASS format invariants

> Task :staticAnalysis
PASS architectural boundaries and secret scan

> Task :app:preBuild UP-TO-DATE
> Task :app:preDebugBuild UP-TO-DATE
> Task :app:mergeDebugNativeDebugMetadata NO-SOURCE
> Task :core:domain:checkKotlinGradlePluginConfigurationErrors SKIPPED
> Task :core:domain:processResources NO-SOURCE
> Task :core:network:checkKotlinGradlePluginConfigurationErrors SKIPPED
> Task :core:network:processResources NO-SOURCE
> Task :core:taxonomy:checkKotlinGradlePluginConfigurationErrors SKIPPED
> Task :core:taxonomy:processResources NO-SOURCE
> Task :core:exploration:checkKotlinGradlePluginConfigurationErrors SKIPPED
> Task :core:occurrence:checkKotlinGradlePluginConfigurationErrors SKIPPED
> Task :core:route:checkKotlinGradlePluginConfigurationErrors SKIPPED
> Task :core:route:processResources NO-SOURCE
> Task :core:occurrence:processResources NO-SOURCE
> Task :core:plausibility:checkKotlinGradlePluginConfigurationErrors SKIPPED
> Task :core:plausibility:processResources NO-SOURCE
> Task :core:exploration:processResources NO-SOURCE
> Task :app:generateDebugResources UP-TO-DATE
> Task :app:packageDebugResources UP-TO-DATE
> Task :core:local:preBuild UP-TO-DATE
> Task :core:local:preDebugBuild UP-TO-DATE
> Task :core:local:processDebugNavigationResources UP-TO-DATE
> Task :app:processDebugNavigationResources UP-TO-DATE
> Task :app:parseDebugLocalResources UP-TO-DATE
> Task :app:generateDebugRFile UP-TO-DATE
> Task :core:local:generateDebugResources UP-TO-DATE
> Task :core:local:packageDebugResources UP-TO-DATE
> Task :core:local:parseDebugLocalResources UP-TO-DATE
> Task :core:local:generateDebugRFile UP-TO-DATE
> Task :core:local:javaPreCompileDebug UP-TO-DATE
> Task :app:javaPreCompileDebug UP-TO-DATE
> Task :app:generateDebugAssets UP-TO-DATE
> Task :core:local:generateDebugAssets UP-TO-DATE
> Task :core:local:mergeDebugAssets UP-TO-DATE
> Task :app:mergeDebugAssets UP-TO-DATE
> Task :app:compressDebugAssets UP-TO-DATE
> Task :app:generateDebugGlobalSynthetics UP-TO-DATE
> Task :app:checkDebugDuplicateClasses UP-TO-DATE
> Task :app:desugarDebugFileDependencies UP-TO-DATE
> Task :app:mergeExtDexDebug UP-TO-DATE
> Task :core:local:writeDebugAarMetadata UP-TO-DATE
> Task :app:checkDebugAarMetadata UP-TO-DATE
> Task :app:mapDebugSourceSetPaths UP-TO-DATE
> Task :app:compileDebugNavigationResources UP-TO-DATE
> Task :app:mergeDebugResources UP-TO-DATE
> Task :app:createDebugCompatibleScreenManifests
> Task :app:extractDeepLinksDebug UP-TO-DATE
> Task :core:local:extractDeepLinksDebug UP-TO-DATE
> Task :core:local:processDebugManifest UP-TO-DATE
> Task :app:processDebugMainManifest
> Task :app:processDebugManifest
> Task :core:local:mapDebugSourceSetPaths UP-TO-DATE
> Task :core:local:compileDebugLibraryResources UP-TO-DATE
> Task :app:mergeDebugJniLibFolders UP-TO-DATE
> Task :core:local:mergeDebugJniLibFolders UP-TO-DATE
> Task :core:local:mergeDebugNativeLibs NO-SOURCE
> Task :core:local:copyDebugJniLibsProjectOnly UP-TO-DATE
> Task :app:validateSigningDebug UP-TO-DATE
> Task :app:writeDebugAppMetadata UP-TO-DATE
> Task :app:writeDebugSigningConfigVersions UP-TO-DATE
> Task :app:processDebugManifestForPackage
> Task :core:local:checkDebugAarMetadata UP-TO-DATE
> Task :core:local:extractDeepLinksForAarDebug UP-TO-DATE
> Task :core:local:prepareDebugArtProfile UP-TO-DATE
> Task :core:local:prepareLintJarForPublish UP-TO-DATE
> Task :app:preDebugAndroidTestBuild SKIPPED
> Task :core:local:writeDebugLintModelMetadata UP-TO-DATE
> Task :core:testing:checkKotlinGradlePluginConfigurationErrors SKIPPED
> Task :core:testing:processResources NO-SOURCE
> Task :app:extractProguardFiles UP-TO-DATE
> Task :core:local:extractProguardFiles UP-TO-DATE
> Task :app:preDebugUnitTestBuild UP-TO-DATE
> Task :core:local:preDebugAndroidTestBuild UP-TO-DATE
> Task :core:local:preDebugUnitTestBuild UP-TO-DATE
> Task :app:javaPreCompileDebugUnitTest UP-TO-DATE
> Task :app:mergeDebugUnitTestManifest
> Task :app:processDebugUnitTestManifest UP-TO-DATE
> Task :core:domain:processTestResources NO-SOURCE
> Task :core:exploration:processTestResources NO-SOURCE
> Task :core:network:processTestResources NO-SOURCE
> Task :core:occurrence:processTestResources NO-SOURCE
> Task :core:plausibility:processTestResources UP-TO-DATE
> Task :core:route:processTestResources NO-SOURCE
> Task :core:taxonomy:processTestResources NO-SOURCE
> Task :core:testing:processTestResources NO-SOURCE
> Task :app:processDebugResources
> Task :app:packageDebugUnitTestForUnitTest
> Task :app:generateDebugUnitTestConfig
> Task :core:network:compileKotlin
> Task :core:network:compileJava NO-SOURCE
> Task :core:network:classes UP-TO-DATE
> Task :core:domain:compileKotlin
> Task :core:network:jar
> Task :core:domain:compileJava NO-SOURCE
> Task :core:domain:classes UP-TO-DATE
> Task :core:domain:jar
> Task :core:route:compileKotlin
> Task :core:route:compileJava NO-SOURCE
> Task :core:route:classes UP-TO-DATE
> Task :core:route:jar UP-TO-DATE
> Task :core:domain:compileTestKotlin
> Task :core:domain:compileTestJava NO-SOURCE
> Task :core:domain:testClasses UP-TO-DATE
> Task :core:route:compileTestKotlin
> Task :core:testing:compileKotlin
> Task :core:occurrence:compileKotlin

> Task :core:domain:test
Picked up JAVA_TOOL_OPTIONS: -Djdk.net.unixdomain.tmpdir=NUL

> Task :core:network:compileTestKotlin
> Task :core:taxonomy:compileKotlin
> Task :core:taxonomy:compileJava NO-SOURCE
> Task :core:taxonomy:classes UP-TO-DATE
> Task :core:taxonomy:jar
> Task :core:occurrence:compileJava NO-SOURCE
> Task :core:occurrence:classes UP-TO-DATE
> Task :core:occurrence:jar
> Task :core:testing:compileJava NO-SOURCE
> Task :core:testing:classes UP-TO-DATE
> Task :core:testing:jar
> Task :core:network:compileTestJava NO-SOURCE
> Task :core:network:testClasses UP-TO-DATE

> Task :core:network:test
Picked up JAVA_TOOL_OPTIONS: -Djdk.net.unixdomain.tmpdir=NUL

> Task :core:route:compileTestJava NO-SOURCE
> Task :core:route:testClasses UP-TO-DATE
> Task :core:occurrence:compileTestKotlin
> Task :core:plausibility:compileKotlin

> Task :core:route:test
Picked up JAVA_TOOL_OPTIONS: -Djdk.net.unixdomain.tmpdir=NUL

> Task :core:plausibility:compileJava NO-SOURCE
> Task :core:plausibility:classes UP-TO-DATE
> Task :core:plausibility:jar
> Task :core:occurrence:compileTestJava NO-SOURCE
> Task :core:occurrence:testClasses UP-TO-DATE

> Task :core:occurrence:test
Picked up JAVA_TOOL_OPTIONS: -Djdk.net.unixdomain.tmpdir=NUL

> Task :core:plausibility:compileTestKotlin
> Task :core:plausibility:compileTestJava NO-SOURCE
> Task :core:plausibility:testClasses UP-TO-DATE
> Task :core:taxonomy:compileTestKotlin
> Task :core:testing:compileTestKotlin
> Task :core:local:kspDebugKotlin

> Task :core:plausibility:test
Picked up JAVA_TOOL_OPTIONS: -Djdk.net.unixdomain.tmpdir=NUL

> Task :core:exploration:compileKotlin
> Task :core:exploration:compileJava NO-SOURCE
> Task :core:exploration:classes UP-TO-DATE
> Task :core:exploration:jar
> Task :core:local:extractDebugAnnotations
> Task :app:mergeDebugNativeLibs UP-TO-DATE
> Task :app:stripDebugDebugSymbols UP-TO-DATE
> Task :core:taxonomy:compileTestJava NO-SOURCE
> Task :core:taxonomy:testClasses UP-TO-DATE
> Task :core:exploration:compileTestKotlin
> Task :core:local:compileDebugKotlin

> Task :core:taxonomy:test
Picked up JAVA_TOOL_OPTIONS: -Djdk.net.unixdomain.tmpdir=NUL

> Task :core:local:compileDebugJavaWithJavac NO-SOURCE
> Task :core:local:copyRoomSchemas NO-SOURCE
> Task :core:local:processDebugJavaRes
> Task :core:local:mergeDebugGeneratedProguardFiles UP-TO-DATE
> Task :core:local:mergeDebugConsumerProguardFiles UP-TO-DATE
> Task :core:local:bundleLibCompileToJarDebug
> Task :core:local:bundleLibRuntimeToDirDebug
> Task :core:local:bundleLibRuntimeToJarDebug
> Task :core:local:generateDebugLintModel
> Task :core:local:mergeDebugJavaResource
> Task :core:local:createFullJarDebug
> Task :core:local:syncDebugLibJars
> Task :core:local:bundleDebugLocalLintAar
> Task :core:local:generateDebugAndroidTestLintModel
> Task :core:local:generateDebugUnitTestLintModel
> Task :core:exploration:compileTestJava NO-SOURCE
> Task :core:exploration:testClasses UP-TO-DATE
> Task :app:mergeLibDexDebug

> Task :core:exploration:test
Picked up JAVA_TOOL_OPTIONS: -Djdk.net.unixdomain.tmpdir=NUL

> Task :core:local:generateDebugLintReportModel
> Task :core:testing:compileTestJava NO-SOURCE
> Task :core:testing:testClasses UP-TO-DATE

> Task :core:testing:test
Picked up JAVA_TOOL_OPTIONS: -Djdk.net.unixdomain.tmpdir=NUL

> Task :core:local:lintAnalyzeDebugUnitTest
> Task :core:local:lintAnalyzeDebugAndroidTest

> Task :app:compileDebugKotlin
e: file:///C:/Users/MicheleGreco/OneDrive%20-%20Fusion%20AI%20Labs/Desktop/Progetti/Faunavia/app/src/main/kotlin/it/faunavia/app/DiaryScreen.kt:199:23 Type 'MutableState<String?>' has no method 'setValue(Nothing?, KMutableProperty0<*>, String?)', so it cannot serve as a delegate for var (read-write property).
e: file:///C:/Users/MicheleGreco/OneDrive%20-%20Fusion%20AI%20Labs/Desktop/Progetti/Faunavia/app/src/main/kotlin/it/faunavia/app/DiaryScreen.kt:200:26 Type 'MutableState<Map<String, Int>>' has no method 'setValue(Nothing?, KMutableProperty0<*>, Map<String, Int>)', so it cannot serve as a delegate for var (read-write property).
e: file:///C:/Users/MicheleGreco/OneDrive%20-%20Fusion%20AI%20Labs/Desktop/Progetti/Faunavia/app/src/main/kotlin/it/faunavia/app/DiaryScreen.kt:201:17 Type 'MutableIntState' has no method 'setValue(Nothing?, KMutableProperty0<*>, Int)', so it cannot serve as a delegate for var (read-write property).
e: file:///C:/Users/MicheleGreco/OneDrive%20-%20Fusion%20AI%20Labs/Desktop/Progetti/Faunavia/app/src/main/kotlin/it/faunavia/app/DiaryScreen.kt:202:17 Type 'MutableState<List<DiaryListEntry>>' has no method 'setValue(Nothing?, KMutableProperty0<*>, List<DiaryListEntry>)', so it cannot serve as a delegate for var (read-write property).
e: file:///C:/Users/MicheleGreco/OneDrive%20-%20Fusion%20AI%20Labs/Desktop/Progetti/Faunavia/app/src/main/kotlin/it/faunavia/app/DiaryScreen.kt:203:17 Type 'MutableState<Boolean>' has no method 'setValue(Nothing?, KMutableProperty0<*>, Boolean)', so it cannot serve as a delegate for var (read-write property).
e: file:///C:/Users/MicheleGreco/OneDrive%20-%20Fusion%20AI%20Labs/Desktop/Progetti/Faunavia/app/src/main/kotlin/it/faunavia/app/DiaryScreen.kt:204:19 Type 'MutableState<String?>' has no method 'setValue(Nothing?, KMutableProperty0<*>, String?)', so it cannot serve as a delegate for var (read-write property).
e: file:///C:/Users/MicheleGreco/OneDrive%20-%20Fusion%20AI%20Labs/Desktop/Progetti/Faunavia/app/src/main/kotlin/it/faunavia/app/DiaryScreen.kt:205:28 Type 'MutableState<String?>' has no method 'setValue(Nothing?, KMutableProperty0<*>, String?)', so it cannot serve as a delegate for var (read-write property).
e: file:///C:/Users/MicheleGreco/OneDrive%20-%20Fusion%20AI%20Labs/Desktop/Progetti/Faunavia/app/src/main/kotlin/it/faunavia/app/DiaryScreen.kt:206:16 Type 'MutableState<DiaryEditor?>' has no method 'setValue(Nothing?, KMutableProperty0<*>, DiaryEditor?)', so it cannot serve as a delegate for var (read-write property).
e: file:///C:/Users/MicheleGreco/OneDrive%20-%20Fusion%20AI%20Labs/Desktop/Progetti/Faunavia/app/src/main/kotlin/it/faunavia/app/DiaryScreen.kt:210:16 Type 'MutableState<List<UnidentifiedDraft>>' has no method 'setValue(Nothing?, KMutableProperty0<*>, List<UnidentifiedDraft>)', so it cannot serve as a delegate for var (read-write property).
e: file:///C:/Users/MicheleGreco/OneDrive%20-%20Fusion%20AI%20Labs/Desktop/Progetti/Faunavia/app/src/main/kotlin/it/faunavia/app/DiaryScreen.kt:211:15 Type 'MutableState<List<Trip>>' has no method 'setValue(Nothing?, KMutableProperty0<*>, List<Trip>)', so it cannot serve as a delegate for var (read-write property).
e: file:///C:/Users/MicheleGreco/OneDrive%20-%20Fusion%20AI%20Labs/Desktop/Progetti/Faunavia/app/src/main/kotlin/it/faunavia/app/DiaryScreen.kt:212:17 Type 'MutableState<List<Outing>>' has no method 'setValue(Nothing?, KMutableProperty0<*>, List<Outing>)', so it cannot serve as a delegate for var (read-write property).
e: file:///C:/Users/MicheleGreco/OneDrive%20-%20Fusion%20AI%20Labs/Desktop/Progetti/Faunavia/app/src/main/kotlin/it/faunavia/app/DiaryScreen.kt:213:22 Type 'MutableState<String?>' has no method 'setValue(Nothing?, KMutableProperty0<*>, String?)', so it cannot serve as a delegate for var (read-write property).
e: file:///C:/Users/MicheleGreco/OneDrive%20-%20Fusion%20AI%20Labs/Desktop/Progetti/Faunavia/app/src/main/kotlin/it/faunavia/app/DiaryScreen.kt:214:24 Type 'MutableState<String?>' has no method 'setValue(Nothing?, KMutableProperty0<*>, String?)', so it cannot serve as a delegate for var (read-write property).
e: file:///C:/Users/MicheleGreco/OneDrive%20-%20Fusion%20AI%20Labs/Desktop/Progetti/Faunavia/app/src/main/kotlin/it/faunavia/app/DiaryScreen.kt:215:23 Type 'MutableState<String>' has no method 'setValue(Nothing?, KMutableProperty0<*>, String)', so it cannot serve as a delegate for var (read-write property).
e: file:///C:/Users/MicheleGreco/OneDrive%20-%20Fusion%20AI%20Labs/Desktop/Progetti/Faunavia/app/src/main/kotlin/it/faunavia/app/DiaryScreen.kt:216:20 Type 'MutableState<String>' has no method 'setValue(Nothing?, KMutableProperty0<*>, String)', so it cannot serve as a delegate for var (read-write property).
e: file:///C:/Users/MicheleGreco/OneDrive%20-%20Fusion%20AI%20Labs/Desktop/Progetti/Faunavia/app/src/main/kotlin/it/faunavia/app/DiaryScreen.kt:217:14 Type 'MutableState<String>' has no method 'setValue(Nothing?, KMutableProperty0<*>, String)', so it cannot serve as a delegate for var (read-write property).
e: file:///C:/Users/MicheleGreco/OneDrive%20-%20Fusion%20AI%20Labs/Desktop/Progetti/Faunavia/app/src/main/kotlin/it/faunavia/app/DiaryScreen.kt:218:23 Type 'MutableState<String?>' has no method 'setValue(Nothing?, KMutableProperty0<*>, String?)', so it cannot serve as a delegate for var (read-write property).
e: file:///C:/Users/MicheleGreco/OneDrive%20-%20Fusion%20AI%20Labs/Desktop/Progetti/Faunavia/app/src/main/kotlin/it/faunavia/app/DiaryScreen.kt:219:20 Type 'MutableState<String?>' has no method 'setValue(Nothing?, KMutableProperty0<*>, String?)', so it cannot serve as a delegate for var (read-write property).
e: file:///C:/Users/MicheleGreco/OneDrive%20-%20Fusion%20AI%20Labs/Desktop/Progetti/Faunavia/app/src/main/kotlin/it/faunavia/app/DiaryScreen.kt:507:24 Type 'MutableState<String?>' has no method 'setValue(Nothing?, KMutableProperty0<*>, String?)', so it cannot serve as a delegate for var (read-write property).
e: file:///C:/Users/MicheleGreco/OneDrive%20-%20Fusion%20AI%20Labs/Desktop/Progetti/Faunavia/app/src/main/kotlin/it/faunavia/app/DiaryScreen.kt:508:19 Type 'MutableState<Boolean>' has no method 'setValue(Nothing?, KMutableProperty0<*>, Boolean)', so it cannot serve as a delegate for var (read-write property).
e: file:///C:/Users/MicheleGreco/OneDrive%20-%20Fusion%20AI%20Labs/Desktop/Progetti/Faunavia/app/src/main/kotlin/it/faunavia/app/DiaryScreen.kt:510:19 Type 'MutableState<String?>' has no method 'setValue(Nothing?, KMutableProperty0<*>, String?)', so it cannot serve as a delegate for var (read-write property).
e: file:///C:/Users/MicheleGreco/OneDrive%20-%20Fusion%20AI%20Labs/Desktop/Progetti/Faunavia/app/src/main/kotlin/it/faunavia/app/DiaryScreen.kt:511:16 Type 'MutableState<Boolean>' has no method 'setValue(Nothing?, KMutableProperty0<*>, Boolean)', so it cannot serve as a delegate for var (read-write property).
e: file:///C:/Users/MicheleGreco/OneDrive%20-%20Fusion%20AI%20Labs/Desktop/Progetti/Faunavia/app/src/main/kotlin/it/faunavia/app/FaunaviaApp.kt:119:25 Type 'MutableState<DiaryPrefill?>' has no method 'setValue(Nothing?, KMutableProperty0<*>, ??? (Ambiguity: getValue, [kotlin/getValue, kotlin/getValue, kotlin/getValue, kotlin/collections/getValue, kotlin/collections/getValue, kotlin/collections/getValue]))', so it cannot serve as a delegate for var (read-write property).
e: file:///C:/Users/MicheleGreco/OneDrive%20-%20Fusion%20AI%20Labs/Desktop/Progetti/Faunavia/app/src/main/kotlin/it/faunavia/app/FaunaviaApp.kt:119:25 Property delegate must have a 'getValue(Nothing?, KMutableProperty0<*>)' method. None of the following functions is applicable:
fun <T> Lazy<T>.getValue(thisRef: Any?, property: KProperty<*>): T
fun <V> KProperty0<V>.getValue(thisRef: Any?, property: KProperty<*>): V
fun <T, V> KProperty1<T, V>.getValue(thisRef: T, property: KProperty<*>): V
fun <K, V> Map<K, V>.getValue(key: K): V
fun <V, V1 : V> Map<in String, V>.getValue(thisRef: Any?, property: KProperty<*>): V1
fun <V, V1 : V> MutableMap<in String, out V>.getValue(thisRef: Any?, property: KProperty<*>): V1
e: file:///C:/Users/MicheleGreco/OneDrive%20-%20Fusion%20AI%20Labs/Desktop/Progetti/Faunavia/app/src/main/kotlin/it/faunavia/app/FaunaviaApp.kt:122:24 Type 'State<NavBackStackEntry?>' has no method 'getValue(Nothing?, KProperty0<*>)', so it cannot serve as a delegate.
e: file:///C:/Users/MicheleGreco/OneDrive%20-%20Fusion%20AI%20Labs/Desktop/Progetti/Faunavia/app/src/main/kotlin/it/faunavia/app/FaunaviaApp.kt:227:20 Type 'MutableState<Boolean>' has no method 'setValue(Nothing?, KMutableProperty0<*>, ??? (Ambiguity: getValue, [kotlin/getValue, kotlin/getValue, kotlin/getValue, kotlin/collections/getValue, kotlin/collections/getValue, kotlin/collections/getValue]))', so it cannot serve as a delegate for var (read-write property).
e: file:///C:/Users/MicheleGreco/OneDrive%20-%20Fusion%20AI%20Labs/Desktop/Progetti/Faunavia/app/src/main/kotlin/it/faunavia/app/FaunaviaApp.kt:227:20 Property delegate must have a 'getValue(Nothing?, KMutableProperty0<*>)' method. None of the following functions is applicable:
fun <T> Lazy<T>.getValue(thisRef: Any?, property: KProperty<*>): T
fun <V> KProperty0<V>.getValue(thisRef: Any?, property: KProperty<*>): V
fun <T, V> KProperty1<T, V>.getValue(thisRef: T, property: KProperty<*>): V
fun <K, V> Map<K, V>.getValue(key: K): V
fun <V, V1 : V> Map<in String, V>.getValue(thisRef: Any?, property: KProperty<*>): V1
fun <V, V1 : V> MutableMap<in String, out V>.getValue(thisRef: Any?, property: KProperty<*>): V1
e: file:///C:/Users/MicheleGreco/OneDrive%20-%20Fusion%20AI%20Labs/Desktop/Progetti/Faunavia/app/src/main/kotlin/it/faunavia/app/FaunaviaApp.kt:228:23 Type 'MutableState<Taxon?>' has no method 'setValue(Nothing?, KMutableProperty0<*>, ??? (Ambiguity: getValue, [kotlin/getValue, kotlin/getValue, kotlin/getValue, kotlin/collections/getValue, kotlin/collections/getValue, kotlin/collections/getValue]))', so it cannot serve as a delegate for var (read-write property).
e: file:///C:/Users/MicheleGreco/OneDrive%20-%20Fusion%20AI%20Labs/Desktop/Progetti/Faunavia/app/src/main/kotlin/it/faunavia/app/FaunaviaApp.kt:228:23 Property delegate must have a 'getValue(Nothing?, KMutableProperty0<*>)' method. None of the following functions is applicable:
fun <T> Lazy<T>.getValue(thisRef: Any?, property: KProperty<*>): T
fun <V> KProperty0<V>.getValue(thisRef: Any?, property: KProperty<*>): V
fun <T, V> KProperty1<T, V>.getValue(thisRef: T, property: KProperty<*>): V
fun <K, V> Map<K, V>.getValue(key: K): V
fun <V, V1 : V> Map<in String, V>.getValue(thisRef: Any?, property: KProperty<*>): V1
fun <V, V1 : V> MutableMap<in String, out V>.getValue(thisRef: Any?, property: KProperty<*>): V1
e: file:///C:/Users/MicheleGreco/OneDrive%20-%20Fusion%20AI%20Labs/Desktop/Progetti/Faunavia/app/src/main/kotlin/it/faunavia/app/FaunaviaApp.kt:229:15 Type 'MutableState<String>' has no method 'setValue(Nothing?, KMutableProperty0<*>, ??? (Ambiguity: getValue, [kotlin/getValue, kotlin/getValue, kotlin/getValue, kotlin/collections/getValue, kotlin/collections/getValue, kotlin/collections/getValue]))', so it cannot serve as a delegate for var (read-write property).
e: file:///C:/Users/MicheleGreco/OneDrive%20-%20Fusion%20AI%20Labs/Desktop/Progetti/Faunavia/app/src/main/kotlin/it/faunavia/app/FaunaviaApp.kt:229:15 Property delegate must have a 'getValue(Nothing?, KMutableProperty0<*>)' method. None of the following functions is applicable:
fun <T> Lazy<T>.getValue(thisRef: Any?, property: KProperty<*>): T
fun <V> KProperty0<V>.getValue(thisRef: Any?, property: KProperty<*>): V
fun <T, V> KProperty1<T, V>.getValue(thisRef: T, property: KProperty<*>): V
fun <K, V> Map<K, V>.getValue(key: K): V
fun <V, V1 : V> Map<in String, V>.getValue(thisRef: Any?, property: KProperty<*>): V1
fun <V, V1 : V> MutableMap<in String, out V>.getValue(thisRef: Any?, property: KProperty<*>): V1
e: file:///C:/Users/MicheleGreco/OneDrive%20-%20Fusion%20AI%20Labs/Desktop/Progetti/Faunavia/app/src/main/kotlin/it/faunavia/app/FaunaviaApp.kt:231:22 Type 'MutableState<String?>' has no method 'setValue(Nothing?, KMutableProperty0<*>, ??? (Ambiguity: getValue, [kotlin/getValue, kotlin/getValue, kotlin/getValue, kotlin/collections/getValue, kotlin/collections/getValue, kotlin/collections/getValue]))', so it cannot serve as a delegate for var (read-write property).
e: file:///C:/Users/MicheleGreco/OneDrive%20-%20Fusion%20AI%20Labs/Desktop/Progetti/Faunavia/app/src/main/kotlin/it/faunavia/app/FaunaviaApp.kt:231:22 Property delegate must have a 'getValue(Nothing?, KMutableProperty0<*>)' method. None of the following functions is applicable:
fun <T> Lazy<T>.getValue(thisRef: Any?, property: KProperty<*>): T
fun <V> KProperty0<V>.getValue(thisRef: Any?, property: KProperty<*>): V
fun <T, V> KProperty1<T, V>.getValue(thisRef: T, property: KProperty<*>): V
fun <K, V> Map<K, V>.getValue(key: K): V
fun <V, V1 : V> Map<in String, V>.getValue(thisRef: Any?, property: KProperty<*>): V1
fun <V, V1 : V> MutableMap<in String, out V>.getValue(thisRef: Any?, property: KProperty<*>): V1
e: file:///C:/Users/MicheleGreco/OneDrive%20-%20Fusion%20AI%20Labs/Desktop/Progetti/Faunavia/app/src/main/kotlin/it/faunavia/app/FaunaviaApp.kt:232:24 Type 'MutableState<String?>' has no method 'setValue(Nothing?, KMutableProperty0<*>, ??? (Ambiguity: getValue, [kotlin/getValue, kotlin/getValue, kotlin/getValue, kotlin/collections/getValue, kotlin/collections/getValue, kotlin/collections/getValue]))', so it cannot serve as a delegate for var (read-write property).
e: file:///C:/Users/MicheleGreco/OneDrive%20-%20Fusion%20AI%20Labs/Desktop/Progetti/Faunavia/app/src/main/kotlin/it/faunavia/app/FaunaviaApp.kt:232:24 Property delegate must have a 'getValue(Nothing?, KMutableProperty0<*>)' method. None of the following functions is applicable:
fun <T> Lazy<T>.getValue(thisRef: Any?, property: KProperty<*>): T
fun <V> KProperty0<V>.getValue(thisRef: Any?, property: KProperty<*>): V
fun <T, V> KProperty1<T, V>.getValue(thisRef: T, property: KProperty<*>): V
fun <K, V> Map<K, V>.getValue(key: K): V
fun <V, V1 : V> Map<in String, V>.getValue(thisRef: Any?, property: KProperty<*>): V1
fun <V, V1 : V> MutableMap<in String, out V>.getValue(thisRef: Any?, property: KProperty<*>): V1
e: file:///C:/Users/MicheleGreco/OneDrive%20-%20Fusion%20AI%20Labs/Desktop/Progetti/Faunavia/app/src/main/kotlin/it/faunavia/app/FaunaviaApp.kt:269:43 Expression expected, but package name found.
e: file:///C:/Users/MicheleGreco/OneDrive%20-%20Fusion%20AI%20Labs/Desktop/Progetti/Faunavia/app/src/main/kotlin/it/faunavia/app/FaunaviaApp.kt:273:27 @Composable invocations can only happen from the context of a @Composable function
e: file:///C:/Users/MicheleGreco/OneDrive%20-%20Fusion%20AI%20Labs/Desktop/Progetti/Faunavia/app/src/main/kotlin/it/faunavia/app/FaunaviaApp.kt:276:27 Cannot infer type for type parameter 'T'. Specify it explicitly.
e: file:///C:/Users/MicheleGreco/OneDrive%20-%20Fusion%20AI%20Labs/Desktop/Progetti/Faunavia/app/src/main/kotlin/it/faunavia/app/FaunaviaApp.kt:276:27 Cannot infer type for type parameter 'R'. Specify it explicitly.
e: file:///C:/Users/MicheleGreco/OneDrive%20-%20Fusion%20AI%20Labs/Desktop/Progetti/Faunavia/app/src/main/kotlin/it/faunavia/app/FaunaviaApp.kt:276:27 Unresolved reference. None of the following candidates is applicable because of a receiver type mismatch:
fun <T, R> T.let(block: (T) -> R): R
e: file:///C:/Users/MicheleGreco/OneDrive%20-%20Fusion%20AI%20Labs/Desktop/Progetti/Faunavia/app/src/main/kotlin/it/faunavia/app/FaunaviaApp.kt:276:33 Cannot infer type for type parameter 'T'. Specify it explicitly.
e: file:///C:/Users/MicheleGreco/OneDrive%20-%20Fusion%20AI%20Labs/Desktop/Progetti/Faunavia/app/src/main/kotlin/it/faunavia/app/FaunaviaApp.kt:286:29 Cannot infer type for type parameter 'T'. Specify it explicitly.
e: file:///C:/Users/MicheleGreco/OneDrive%20-%20Fusion%20AI%20Labs/Desktop/Progetti/Faunavia/app/src/main/kotlin/it/faunavia/app/FaunaviaApp.kt:286:29 Cannot infer type for type parameter 'R'. Specify it explicitly.
e: file:///C:/Users/MicheleGreco/OneDrive%20-%20Fusion%20AI%20Labs/Desktop/Progetti/Faunavia/app/src/main/kotlin/it/faunavia/app/FaunaviaApp.kt:286:29 Unresolved reference. None of the following candidates is applicable because of a receiver type mismatch:
fun <T, R> T.let(block: (T) -> R): R
e: file:///C:/Users/MicheleGreco/OneDrive%20-%20Fusion%20AI%20Labs/Desktop/Progetti/Faunavia/app/src/main/kotlin/it/faunavia/app/FaunaviaApp.kt:286:35 Cannot infer type for type parameter 'T'. Specify it explicitly.
e: file:///C:/Users/MicheleGreco/OneDrive%20-%20Fusion%20AI%20Labs/Desktop/Progetti/Faunavia/app/src/main/kotlin/it/faunavia/app/FaunaviaApp.kt:296:28 Cannot infer type for type parameter 'T'. Specify it explicitly.
e: file:///C:/Users/MicheleGreco/OneDrive%20-%20Fusion%20AI%20Labs/Desktop/Progetti/Faunavia/app/src/main/kotlin/it/faunavia/app/FaunaviaApp.kt:296:28 Cannot infer type for type parameter 'R'. Specify it explicitly.
e: file:///C:/Users/MicheleGreco/OneDrive%20-%20Fusion%20AI%20Labs/Desktop/Progetti/Faunavia/app/src/main/kotlin/it/faunavia/app/FaunaviaApp.kt:296:28 Unresolved reference. None of the following candidates is applicable because of a receiver type mismatch:
fun <T, R> T.let(block: (T) -> R): R
e: file:///C:/Users/MicheleGreco/OneDrive%20-%20Fusion%20AI%20Labs/Desktop/Progetti/Faunavia/app/src/main/kotlin/it/faunavia/app/FaunaviaApp.kt:296:34 Cannot infer type for type parameter 'T'. Specify it explicitly.
e: file:///C:/Users/MicheleGreco/OneDrive%20-%20Fusion%20AI%20Labs/Desktop/Progetti/Faunavia/app/src/main/kotlin/it/faunavia/app/FaunaviaApp.kt:298:51 Unresolved reference 'id'.
e: file:///C:/Users/MicheleGreco/OneDrive%20-%20Fusion%20AI%20Labs/Desktop/Progetti/Faunavia/app/src/main/kotlin/it/faunavia/app/FaunaviaApp.kt:299:62 Unresolved reference 'scientificName'.
e: file:///C:/Users/MicheleGreco/OneDrive%20-%20Fusion%20AI%20Labs/Desktop/Progetti/Faunavia/app/src/main/kotlin/it/faunavia/app/RouteScreen.kt:71:26 Type 'MutableState<String>' has no method 'setValue(Nothing?, KMutableProperty0<*>, ??? (Ambiguity: getValue, [kotlin/getValue, kotlin/getValue, kotlin/getValue, kotlin/collections/getValue, kotlin/collections/getValue, kotlin/collections/getValue]))', so it cannot serve as a delegate for var (read-write property).
e: file:///C:/Users/MicheleGreco/OneDrive%20-%20Fusion%20AI%20Labs/Desktop/Progetti/Faunavia/app/src/main/kotlin/it/faunavia/app/RouteScreen.kt:71:26 Property delegate must have a 'getValue(Nothing?, KMutableProperty0<*>)' method. None of the following functions is applicable:
fun <T> Lazy<T>.getValue(thisRef: Any?, property: KProperty<*>): T
fun <V> KProperty0<V>.getValue(thisRef: Any?, property: KProperty<*>): V
fun <T, V> KProperty1<T, V>.getValue(thisRef: T, property: KProperty<*>): V
fun <K, V> Map<K, V>.getValue(key: K): V
fun <V, V1 : V> Map<in String, V>.getValue(thisRef: Any?, property: KProperty<*>): V1
fun <V, V1 : V> MutableMap<in String, out V>.getValue(thisRef: Any?, property: KProperty<*>): V1
e: file:///C:/Users/MicheleGreco/OneDrive%20-%20Fusion%20AI%20Labs/Desktop/Progetti/Faunavia/app/src/main/kotlin/it/faunavia/app/RouteScreen.kt:72:24 Type 'MutableState<String>' has no method 'setValue(Nothing?, KMutableProperty0<*>, ??? (Ambiguity: getValue, [kotlin/getValue, kotlin/getValue, kotlin/getValue, kotlin/collections/getValue, kotlin/collections/getValue, kotlin/collections/getValue]))', so it cannot serve as a delegate for var (read-write property).
e: file:///C:/Users/MicheleGreco/OneDrive%20-%20Fusion%20AI%20Labs/Desktop/Progetti/Faunavia/app/src/main/kotlin/it/faunavia/app/RouteScreen.kt:72:24 Property delegate must have a 'getValue(Nothing?, KMutableProperty0<*>)' method. None of the following functions is applicable:
fun <T> Lazy<T>.getValue(thisRef: Any?, property: KProperty<*>): T
fun <V> KProperty0<V>.getValue(thisRef: Any?, property: KProperty<*>): V
fun <T, V> KProperty1<T, V>.getValue(thisRef: T, property: KProperty<*>): V
fun <K, V> Map<K, V>.getValue(key: K): V
fun <V, V1 : V> Map<in String, V>.getValue(thisRef: Any?, property: KProperty<*>): V1
fun <V, V1 : V> MutableMap<in String, out V>.getValue(thisRef: Any?, property: KProperty<*>): V1
e: file:///C:/Users/MicheleGreco/OneDrive%20-%20Fusion%20AI%20Labs/Desktop/Progetti/Faunavia/app/src/main/kotlin/it/faunavia/app/RouteScreen.kt:73:18 Type 'MutableState<String>' has no method 'setValue(Nothing?, KMutableProperty0<*>, ??? (Ambiguity: getValue, [kotlin/getValue, kotlin/getValue, kotlin/getValue, kotlin/collections/getValue, kotlin/collections/getValue, kotlin/collections/getValue]))', so it cannot serve as a delegate for var (read-write property).
e: file:///C:/Users/MicheleGreco/OneDrive%20-%20Fusion%20AI%20Labs/Desktop/Progetti/Faunavia/app/src/main/kotlin/it/faunavia/app/RouteScreen.kt:73:18 Property delegate must have a 'getValue(Nothing?, KMutableProperty0<*>)' method. None of the following functions is applicable:
fun <T> Lazy<T>.getValue(thisRef: Any?, property: KProperty<*>): T
fun <V> KProperty0<V>.getValue(thisRef: Any?, property: KProperty<*>): V
fun <T, V> KProperty1<T, V>.getValue(thisRef: T, property: KProperty<*>): V
fun <K, V> Map<K, V>.getValue(key: K): V
fun <V, V1 : V> Map<in String, V>.getValue(thisRef: Any?, property: KProperty<*>): V1
fun <V, V1 : V> MutableMap<in String, out V>.getValue(thisRef: Any?, property: KProperty<*>): V1
e: file:///C:/Users/MicheleGreco/OneDrive%20-%20Fusion%20AI%20Labs/Desktop/Progetti/Faunavia/app/src/main/kotlin/it/faunavia/app/RouteScreen.kt:74:19 Type 'MutableState<String>' has no method 'setValue(Nothing?, KMutableProperty0<*>, ??? (Ambiguity: getValue, [kotlin/getValue, kotlin/getValue, kotlin/getValue, kotlin/collections/getValue, kotlin/collections/getValue, kotlin/collections/getValue]))', so it cannot serve as a delegate for var (read-write property).
e: file:///C:/Users/MicheleGreco/OneDrive%20-%20Fusion%20AI%20Labs/Desktop/Progetti/Faunavia/app/src/main/kotlin/it/faunavia/app/RouteScreen.kt:74:19 Property delegate must have a 'getValue(Nothing?, KMutableProperty0<*>)' method. None of the following functions is applicable:
fun <T> Lazy<T>.getValue(thisRef: Any?, property: KProperty<*>): T
fun <V> KProperty0<V>.getValue(thisRef: Any?, property: KProperty<*>): V
fun <T, V> KProperty1<T, V>.getValue(thisRef: T, property: KProperty<*>): V
fun <K, V> Map<K, V>.getValue(key: K): V
fun <V, V1 : V> Map<in String, V>.getValue(thisRef: Any?, property: KProperty<*>): V1
fun <V, V1 : V> MutableMap<in String, out V>.getValue(thisRef: Any?, property: KProperty<*>): V1
e: file:///C:/Users/MicheleGreco/OneDrive%20-%20Fusion%20AI%20Labs/Desktop/Progetti/Faunavia/app/src/main/kotlin/it/faunavia/app/RouteScreen.kt:75:17 Type 'MutableIntState' has no method 'setValue(Nothing?, KMutableProperty0<*>, ??? (Ambiguity: getValue, [kotlin/getValue, kotlin/getValue, kotlin/getValue, kotlin/collections/getValue, kotlin/collections/getValue, kotlin/collections/getValue]))', so it cannot serve as a delegate for var (read-write property).
e: file:///C:/Users/MicheleGreco/OneDrive%20-%20Fusion%20AI%20Labs/Desktop/Progetti/Faunavia/app/src/main/kotlin/it/faunavia/app/RouteScreen.kt:75:17 Property delegate must have a 'getValue(Nothing?, KMutableProperty0<*>)' method. None of the following functions is applicable:
fun <T> Lazy<T>.getValue(thisRef: Any?, property: KProperty<*>): T
fun <V> KProperty0<V>.getValue(thisRef: Any?, property: KProperty<*>): V
fun <T, V> KProperty1<T, V>.getValue(thisRef: T, property: KProperty<*>): V
fun <K, V> Map<K, V>.getValue(key: K): V
fun <V, V1 : V> Map<in String, V>.getValue(thisRef: Any?, property: KProperty<*>): V1
fun <V, V1 : V> MutableMap<in String, out V>.getValue(thisRef: Any?, property: KProperty<*>): V1
e: file:///C:/Users/MicheleGreco/OneDrive%20-%20Fusion%20AI%20Labs/Desktop/Progetti/Faunavia/app/src/main/kotlin/it/faunavia/app/RouteScreen.kt:76:19 Type 'MutableState<Boolean>' has no method 'setValue(Nothing?, KMutableProperty0<*>, ??? (Ambiguity: getValue, [kotlin/getValue, kotlin/getValue, kotlin/getValue, kotlin/collections/getValue, kotlin/collections/getValue, kotlin/collections/getValue]))', so it cannot serve as a delegate for var (read-write property).
e: file:///C:/Users/MicheleGreco/OneDrive%20-%20Fusion%20AI%20Labs/Desktop/Progetti/Faunavia/app/src/main/kotlin/it/faunavia/app/RouteScreen.kt:76:19 Property delegate must have a 'getValue(Nothing?, KMutableProperty0<*>)' method. None of the following functions is applicable:
fun <T> Lazy<T>.getValue(thisRef: Any?, property: KProperty<*>): T
fun <V> KProperty0<V>.getValue(thisRef: Any?, property: KProperty<*>): V
fun <T, V> KProperty1<T, V>.getValue(thisRef: T, property: KProperty<*>): V
fun <K, V> Map<K, V>.getValue(key: K): V
fun <V, V1 : V> Map<in String, V>.getValue(thisRef: Any?, property: KProperty<*>): V1
fun <V, V1 : V> MutableMap<in String, out V>.getValue(thisRef: Any?, property: KProperty<*>): V1
e: file:///C:/Users/MicheleGreco/OneDrive%20-%20Fusion%20AI%20Labs/Desktop/Progetti/Faunavia/app/src/main/kotlin/it/faunavia/app/RouteScreen.kt:77:15 Type 'MutableState<String?>' has no method 'setValue(Nothing?, KMutableProperty0<*>, ??? (Ambiguity: getValue, [kotlin/getValue, kotlin/getValue, kotlin/getValue, kotlin/collections/getValue, kotlin/collections/getValue, kotlin/collections/getValue]))', so it cannot serve as a delegate for var (read-write property).
e: file:///C:/Users/MicheleGreco/OneDrive%20-%20Fusion%20AI%20Labs/Desktop/Progetti/Faunavia/app/src/main/kotlin/it/faunavia/app/RouteScreen.kt:77:15 Property delegate must have a 'getValue(Nothing?, KMutableProperty0<*>)' method. None of the following functions is applicable:
fun <T> Lazy<T>.getValue(thisRef: Any?, property: KProperty<*>): T
fun <V> KProperty0<V>.getValue(thisRef: Any?, property: KProperty<*>): V
fun <T, V> KProperty1<T, V>.getValue(thisRef: T, property: KProperty<*>): V
fun <K, V> Map<K, V>.getValue(key: K): V
fun <V, V1 : V> Map<in String, V>.getValue(thisRef: Any?, property: KProperty<*>): V1
fun <V, V1 : V> MutableMap<in String, out V>.getValue(thisRef: Any?, property: KProperty<*>): V1
e: file:///C:/Users/MicheleGreco/OneDrive%20-%20Fusion%20AI%20Labs/Desktop/Progetti/Faunavia/app/src/main/kotlin/it/faunavia/app/RouteScreen.kt:78:16 Type 'MutableState<RouteImportOutcome?>' has no method 'setValue(Nothing?, KMutableProperty0<*>, ??? (Ambiguity: getValue, [kotlin/getValue, kotlin/getValue, kotlin/getValue, kotlin/collections/getValue, kotlin/collections/getValue, kotlin/collections/getValue]))', so it cannot serve as a delegate for var (read-write property).
e: file:///C:/Users/MicheleGreco/OneDrive%20-%20Fusion%20AI%20Labs/Desktop/Progetti/Faunavia/app/src/main/kotlin/it/faunavia/app/RouteScreen.kt:78:16 Property delegate must have a 'getValue(Nothing?, KMutableProperty0<*>)' method. None of the following functions is applicable:
fun <T> Lazy<T>.getValue(thisRef: Any?, property: KProperty<*>): T
fun <V> KProperty0<V>.getValue(thisRef: Any?, property: KProperty<*>): V
fun <T, V> KProperty1<T, V>.getValue(thisRef: T, property: KProperty<*>): V
fun <K, V> Map<K, V>.getValue(key: K): V
fun <V, V1 : V> Map<in String, V>.getValue(thisRef: Any?, property: KProperty<*>): V1
fun <V, V1 : V> MutableMap<in String, out V>.getValue(thisRef: Any?, property: KProperty<*>): V1
e: file:///C:/Users/MicheleGreco/OneDrive%20-%20Fusion%20AI%20Labs/Desktop/Progetti/Faunavia/app/src/main/kotlin/it/faunavia/app/RouteScreen.kt:79:21 Type 'MutableState<List<SavedRouteAnalysis>>' has no method 'setValue(Nothing?, KMutableProperty0<*>, ??? (Ambiguity: getValue, [kotlin/getValue, kotlin/getValue, kotlin/getValue, kotlin/collections/getValue, kotlin/collections/getValue, kotlin/collections/getValue]))', so it cannot serve as a delegate for var (read-write property).
e: file:///C:/Users/MicheleGreco/OneDrive%20-%20Fusion%20AI%20Labs/Desktop/Progetti/Faunavia/app/src/main/kotlin/it/faunavia/app/RouteScreen.kt:79:21 Property delegate must have a 'getValue(Nothing?, KMutableProperty0<*>)' method. None of the following functions is applicable:
fun <T> Lazy<T>.getValue(thisRef: Any?, property: KProperty<*>): T
fun <V> KProperty0<V>.getValue(thisRef: Any?, property: KProperty<*>): V
fun <T, V> KProperty1<T, V>.getValue(thisRef: T, property: KProperty<*>): V
fun <K, V> Map<K, V>.getValue(key: K): V
fun <V, V1 : V> Map<in String, V>.getValue(thisRef: Any?, property: KProperty<*>): V1
fun <V, V1 : V> MutableMap<in String, out V>.getValue(thisRef: Any?, property: KProperty<*>): V1
e: file:///C:/Users/MicheleGreco/OneDrive%20-%20Fusion%20AI%20Labs/Desktop/Progetti/Faunavia/app/src/main/kotlin/it/faunavia/app/RouteScreen.kt:111:28 None of the following candidates is applicable:

fun <T> Lazy<T>.getValue(thisRef: Any?, property: KProperty<*>): T:
  Unresolved reference. None of the following candidates is applicable because of a receiver type mismatch:
fun <T> Lazy<T>.getValue(thisRef: Any?, property: KProperty<*>): T

fun <V> KProperty0<V>.getValue(thisRef: Any?, property: KProperty<*>): V:
  Unresolved reference. None of the following candidates is applicable because of a receiver type mismatch:
fun <V> KProperty0<V>.getValue(thisRef: Any?, property: KProperty<*>): V

fun <T, V> KProperty1<T, V>.getValue(thisRef: T, property: KProperty<*>): V:
  Unresolved reference. None of the following candidates is applicable because of a receiver type mismatch:
fun <T, V> KProperty1<T, V>.getValue(thisRef: T, property: KProperty<*>): V

fun <K, V> Map<K, V>.getValue(key: K): V:
  Unresolved reference. None of the following candidates is applicable because of a receiver type mismatch:
fun <K, V> Map<K, V>.getValue(key: K): V

fun <V, V1 : V> Map<in String, V>.getValue(thisRef: Any?, property: KProperty<*>): V1:
  Unresolved reference. None of the following candidates is applicable because of a receiver type mismatch:
fun <V, V1 : V> Map<in String, V>.getValue(thisRef: Any?, property: KProperty<*>): V1

fun <V, V1 : V> MutableMap<in String, out V>.getValue(thisRef: Any?, property: KProperty<*>): V1:
  Unresolved reference. None of the following candidates is applicable because of a receiver type mismatch:
fun <V, V1 : V> MutableMap<in String, out V>.getValue(thisRef: Any?, property: KProperty<*>): V1
e: file:///C:/Users/MicheleGreco/OneDrive%20-%20Fusion%20AI%20Labs/Desktop/Progetti/Faunavia/app/src/main/kotlin/it/faunavia/app/RouteScreen.kt:179:35 Unresolved reference 'not' for operator '!'.
e: file:///C:/Users/MicheleGreco/OneDrive%20-%20Fusion%20AI%20Labs/Desktop/Progetti/Faunavia/app/src/main/kotlin/it/faunavia/app/RouteScreen.kt:192:31 Unresolved reference 'not' for operator '!'.
e: file:///C:/Users/MicheleGreco/OneDrive%20-%20Fusion%20AI%20Labs/Desktop/Progetti/Faunavia/app/src/main/kotlin/it/faunavia/app/RouteScreen.kt:208:20 Cannot infer type for type parameter 'T'. Specify it explicitly.
e: file:///C:/Users/MicheleGreco/OneDrive%20-%20Fusion%20AI%20Labs/Desktop/Progetti/Faunavia/app/src/main/kotlin/it/faunavia/app/RouteScreen.kt:208:20 Cannot infer type for type parameter 'R'. Specify it explicitly.
e: file:///C:/Users/MicheleGreco/OneDrive%20-%20Fusion%20AI%20Labs/Desktop/Progetti/Faunavia/app/src/main/kotlin/it/faunavia/app/RouteScreen.kt:208:20 Unresolved reference. None of the following candidates is applicable because of a receiver type mismatch:
fun <T, R> T.let(block: (T) -> R): R
e: file:///C:/Users/MicheleGreco/OneDrive%20-%20Fusion%20AI%20Labs/Desktop/Progetti/Faunavia/app/src/main/kotlin/it/faunavia/app/RouteScreen.kt:208:26 Cannot infer type for type parameter 'T'. Specify it explicitly.
e: file:///C:/Users/MicheleGreco/OneDrive%20-%20Fusion%20AI%20Labs/Desktop/Progetti/Faunavia/app/src/main/kotlin/it/faunavia/app/RouteScreen.kt:218:21 Cannot infer type for type parameter 'T'. Specify it explicitly.
e: file:///C:/Users/MicheleGreco/OneDrive%20-%20Fusion%20AI%20Labs/Desktop/Progetti/Faunavia/app/src/main/kotlin/it/faunavia/app/RouteScreen.kt:218:21 Cannot infer type for type parameter 'R'. Specify it explicitly.
e: file:///C:/Users/MicheleGreco/OneDrive%20-%20Fusion%20AI%20Labs/Desktop/Progetti/Faunavia/app/src/main/kotlin/it/faunavia/app/RouteScreen.kt:218:21 Unresolved reference. None of the following candidates is applicable because of a receiver type mismatch:
fun <T, R> T.let(block: (T) -> R): R
e: file:///C:/Users/MicheleGreco/OneDrive%20-%20Fusion%20AI%20Labs/Desktop/Progetti/Faunavia/app/src/main/kotlin/it/faunavia/app/RouteScreen.kt:218:27 Cannot infer type for type parameter 'T'. Specify it explicitly.
e: file:///C:/Users/MicheleGreco/OneDrive%20-%20Fusion%20AI%20Labs/Desktop/Progetti/Faunavia/app/src/main/kotlin/it/faunavia/app/RouteScreen.kt:218:69 Unresolved reference 'analysis'.
e: file:///C:/Users/MicheleGreco/OneDrive%20-%20Fusion%20AI%20Labs/Desktop/Progetti/Faunavia/app/src/main/kotlin/it/faunavia/app/RouteScreen.kt:232:43 Unresolved reference 'route'.
e: file:///C:/Users/MicheleGreco/OneDrive%20-%20Fusion%20AI%20Labs/Desktop/Progetti/Faunavia/app/src/main/kotlin/it/faunavia/app/RouteScreen.kt:233:28 Argument type mismatch: actual type is 'Int', but 'SavedRouteAnalysis' was expected.

> Task :app:compileDebugKotlin FAILED
> Task :core:local:lintAnalyzeDebug

FAILURE: Build failed with an exception.

* What went wrong:
Execution failed for task ':app:compileDebugKotlin' (registered by plugin 'com.android.internal.application').
> A failure occurred while executing org.jetbrains.kotlin.compilerRunner.btapi.BuildToolsApiCompilationWork
   > Compilation error. See log for more details

* Try:
> Run with --stacktrace option to get the stack trace.
> Run with --info or --debug option to get more log output.
> Run with --scan to get full insights from a Build Scan (powered by Develocity).
> Get more help at https://help.gradle.org.

BUILD FAILED in 1m 11s
111 actionable tasks: 61 executed, 50 up-to-date
